
≡ƒÜÇ TAKEOVER MODE STARTED ΓÇö Will keep trying to win 409 race...

Γ£à OUR bot started. If you see "409" errors below ΓÇö keep patience, we're racing the other bot.
Send /start on Telegram to test whenever we win!

ΓÜá∩╕Å  409 #1 ΓÇö other bot reconnected, retrying takeover...
≡ƒö½ Re-killing other sessions...
ΓÜá∩╕Å  409 #6 ΓÇö other bot reconnected, retrying takeover...
≡ƒö½ Re-killing other sessions...
ΓÜá∩╕Å  409 #11 ΓÇö other bot reconnected, retrying takeover...
≡ƒö½ Re-killing other sessions...
ΓÜá∩╕Å  409 #16 ΓÇö other bot reconnected, retrying takeover...
≡ƒö½ Re-killing other sessions...
ΓÜá∩╕Å  409 #21 ΓÇö other bot reconnected, retrying takeover...
node : (node:21532) [node-telegram-bot-api] DeprecationWarning: Buffers will 
have their filenames default to "filename" instead of "data". See https://githu
b.com/yagop/node-telegram-bot-api/blob/master/doc/usage.md#sending-files for 
more information on how sending files has been improved and on how to disable 
this deprecation message altogether.
At line:1 char:5
+ & { node takeover.js 2>&1 | Out-File -FilePath __take.log -Encoding u ...
+     ~~~~~~~~~~~~~~~~~~~~~
    + CategoryInfo          : NotSpecified: ((node:21532) [n...age altogether. 
   :String) [], RemoteException
    + FullyQualifiedErrorId : NativeCommandError
 
(Use `node --trace-deprecation ...` to show where the warning was created)
Γ£à Handled /start from DOVELOPER AKKI ≡ƒûÑ∩╕Å (#1 served)
Γ£à Handled /start from DOVELOPER AKKI ≡ƒûÑ∩╕Å (#2 served)
≡ƒö½ Re-killing other sessions...
ΓÜá∩╕Å  409 #26 ΓÇö other bot reconnected, retrying takeover...
≡ƒö½ Re-killing other sessions...
ΓÜá∩╕Å  409 #31 ΓÇö other bot reconnected, retrying takeover...
≡ƒö½ Re-killing other sessions...
ΓÜá∩╕Å  409 #36 ΓÇö other bot reconnected, retrying takeover...
≡ƒö½ Re-killing other sessions...
ΓÜá∩╕Å  409 #41 ΓÇö other bot reconnected, retrying takeover...
≡ƒö½ Re-killing other sessions...
ΓÜá∩╕Å  409 #46 ΓÇö other bot reconnected, retrying takeover...
≡ƒö½ Re-killing other sessions...
ΓÜá∩╕Å  409 #51 ΓÇö other bot reconnected, retrying takeover...
≡ƒö½ Re-killing other sessions...
ΓÜá∩╕Å  409 #56 ΓÇö other bot reconnected, retrying takeover...
≡ƒö½ Re-killing other sessions...
ΓÜá∩╕Å  409 #61 ΓÇö other bot reconnected, retrying takeover...
≡ƒö½ Re-killing other sessions...
ΓÜá∩╕Å  409 #66 ΓÇö other bot reconnected, retrying takeover...
≡ƒö½ Re-killing other sessions...
ΓÜá∩╕Å  409 #71 ΓÇö other bot reconnected, retrying takeover...
≡ƒö½ Re-killing other sessions...
ΓÜá∩╕Å  409 #76 ΓÇö other bot reconnected, retrying takeover...
≡ƒö½ Re-killing other sessions...
ΓÜá∩╕Å  409 #81 ΓÇö other bot reconnected, retrying takeover...
≡ƒö½ Re-killing other sessions...
ΓÜá∩╕Å  409 #86 ΓÇö other bot reconnected, retrying takeover...
≡ƒö½ Re-killing other sessions...
ΓÜá∩╕Å  409 #91 ΓÇö other bot reconnected, retrying takeover...
≡ƒö½ Re-killing other sessions...
ΓÜá∩╕Å  409 #96 ΓÇö other bot reconnected, retrying takeover...
≡ƒö½ Re-killing other sessions...
ΓÜá∩╕Å  409 #101 ΓÇö other bot reconnected, retrying takeover...
≡ƒö½ Re-killing other sessions...
ΓÜá∩╕Å  409 #106 ΓÇö other bot reconnected, retrying takeover...
≡ƒö½ Re-killing other sessions...
ΓÜá∩╕Å  409 #111 ΓÇö other bot reconnected, retrying takeover...
≡ƒö½ Re-killing other sessions...
ΓÜá∩╕Å  409 #116 ΓÇö other bot reconnected, retrying takeover...
≡ƒö½ Re-killing other sessions...
ΓÜá∩╕Å  409 #121 ΓÇö other bot reconnected, retrying takeover...
≡ƒö½ Re-killing other sessions...
ΓÜá∩╕Å  409 #126 ΓÇö other bot reconnected, retrying takeover...
≡ƒö½ Re-killing other sessions...
ΓÜá∩╕Å  409 #131 ΓÇö other bot reconnected, retrying takeover...
≡ƒö½ Re-killing other sessions...
ΓÜá∩╕Å  409 #136 ΓÇö other bot reconnected, retrying takeover...
≡ƒö½ Re-killing other sessions...
ΓÜá∩╕Å  409 #141 ΓÇö other bot reconnected, retrying takeover...
≡ƒö½ Re-killing other sessions...
ΓÜá∩╕Å  409 #146 ΓÇö other bot reconnected, retrying takeover...
≡ƒö½ Re-killing other sessions...
ΓÜá∩╕Å  409 #151 ΓÇö other bot reconnected, retrying takeover...
≡ƒö½ Re-killing other sessions...
ΓÜá∩╕Å  409 #156 ΓÇö other bot reconnected, retrying takeover...
≡ƒö½ Re-killing other sessions...
ΓÜá∩╕Å  409 #161 ΓÇö other bot reconnected, retrying takeover...
≡ƒö½ Re-killing other sessions...
ΓÜá∩╕Å  409 #166 ΓÇö other bot reconnected, retrying takeover...
≡ƒö½ Re-killing other sessions...
ΓÜá∩╕Å  409 #171 ΓÇö other bot reconnected, retrying takeover...
≡ƒö½ Re-killing other sessions...
ΓÜá∩╕Å  409 #176 ΓÇö other bot reconnected, retrying takeover...
≡ƒö½ Re-killing other sessions...
ΓÜá∩╕Å  409 #181 ΓÇö other bot reconnected, retrying takeover...
≡ƒö½ Re-killing other sessions...
ΓÜá∩╕Å  409 #186 ΓÇö other bot reconnected, retrying takeover...
≡ƒö½ Re-killing other sessions...
ΓÜá∩╕Å  409 #191 ΓÇö other bot reconnected, retrying takeover...
≡ƒö½ Re-killing other sessions...
ΓÜá∩╕Å  409 #196 ΓÇö other bot reconnected, retrying takeover...
≡ƒö½ Re-killing other sessions...
ΓÜá∩╕Å  409 #201 ΓÇö other bot reconnected, retrying takeover...
≡ƒö½ Re-killing other sessions...
ΓÜá∩╕Å  409 #206 ΓÇö other bot reconnected, retrying takeover...
≡ƒö½ Re-killing other sessions...
ΓÜá∩╕Å  409 #211 ΓÇö other bot reconnected, retrying takeover...
≡ƒö½ Re-killing other sessions...
ΓÜá∩╕Å  409 #216 ΓÇö other bot reconnected, retrying takeover...
≡ƒö½ Re-killing other sessions...
ΓÜá∩╕Å  409 #221 ΓÇö other bot reconnected, retrying takeover...
≡ƒö½ Re-killing other sessions...
ΓÜá∩╕Å  409 #226 ΓÇö other bot reconnected, retrying takeover...
≡ƒö½ Re-killing other sessions...
ΓÜá∩╕Å  409 #231 ΓÇö other bot reconnected, retrying takeover...
≡ƒö½ Re-killing other sessions...
ΓÜá∩╕Å  409 #236 ΓÇö other bot reconnected, retrying takeover...
≡ƒö½ Re-killing other sessions...
ΓÜá∩╕Å  409 #241 ΓÇö other bot reconnected, retrying takeover...
≡ƒö½ Re-killing other sessions...
ΓÜá∩╕Å  409 #246 ΓÇö other bot reconnected, retrying takeover...
≡ƒö½ Re-killing other sessions...
ΓÜá∩╕Å  409 #251 ΓÇö other bot reconnected, retrying takeover...
≡ƒö½ Re-killing other sessions...
ΓÜá∩╕Å  409 #256 ΓÇö other bot reconnected, retrying takeover...
≡ƒö½ Re-killing other sessions...
ΓÜá∩╕Å  409 #261 ΓÇö other bot reconnected, retrying takeover...
≡ƒö½ Re-killing other sessions...
ΓÜá∩╕Å  409 #266 ΓÇö other bot reconnected, retrying takeover...
≡ƒö½ Re-killing other sessions...
ΓÜá∩╕Å  409 #271 ΓÇö other bot reconnected, retrying takeover...
≡ƒö½ Re-killing other sessions...
ΓÜá∩╕Å  409 #276 ΓÇö other bot reconnected, retrying takeover...
≡ƒö½ Re-killing other sessions...
ΓÜá∩╕Å  409 #281 ΓÇö other bot reconnected, retrying takeover...
≡ƒö½ Re-killing other sessions...
ΓÜá∩╕Å  409 #286 ΓÇö other bot reconnected, retrying takeover...
≡ƒö½ Re-killing other sessions...
ΓÜá∩╕Å  409 #291 ΓÇö other bot reconnected, retrying takeover...
≡ƒö½ Re-killing other sessions...
ΓÜá∩╕Å  409 #296 ΓÇö other bot reconnected, retrying takeover...
≡ƒö½ Re-killing other sessions...
ΓÜá∩╕Å  409 #301 ΓÇö other bot reconnected, retrying takeover...
≡ƒö½ Re-killing other sessions...
ΓÜá∩╕Å  409 #306 ΓÇö other bot reconnected, retrying takeover...
≡ƒö½ Re-killing other sessions...
ΓÜá∩╕Å  409 #311 ΓÇö other bot reconnected, retrying takeover...
≡ƒö½ Re-killing other sessions...
ΓÜá∩╕Å  409 #316 ΓÇö other bot reconnected, retrying takeover...
≡ƒö½ Re-killing other sessions...
ΓÜá∩╕Å  409 #321 ΓÇö other bot reconnected, retrying takeover...
Γ£à Handled /start from DOVELOPER AKKI ≡ƒûÑ∩╕Å (#3 served)
≡ƒö½ Re-killing other sessions...
ΓÜá∩╕Å  409 #326 ΓÇö other bot reconnected, retrying takeover...
≡ƒö½ Re-killing other sessions...
ΓÜá∩╕Å  409 #331 ΓÇö other bot reconnected, retrying takeover...
≡ƒö½ Re-killing other sessions...
ΓÜá∩╕Å  409 #336 ΓÇö other bot reconnected, retrying takeover...
≡ƒö½ Re-killing other sessions...
ΓÜá∩╕Å  409 #341 ΓÇö other bot reconnected, retrying takeover...
≡ƒö½ Re-killing other sessions...
ΓÜá∩╕Å  409 #346 ΓÇö other bot reconnected, retrying takeover...
≡ƒö½ Re-killing other sessions...
ΓÜá∩╕Å  409 #351 ΓÇö other bot reconnected, retrying takeover...
≡ƒö½ Re-killing other sessions...
ΓÜá∩╕Å  409 #356 ΓÇö other bot reconnected, retrying takeover...
≡ƒö½ Re-killing other sessions...
ΓÜá∩╕Å  409 #361 ΓÇö other bot reconnected, retrying takeover...
≡ƒö½ Re-killing other sessions...
ΓÜá∩╕Å  409 #366 ΓÇö other bot reconnected, retrying takeover...
≡ƒö½ Re-killing other sessions...
ΓÜá∩╕Å  409 #371 ΓÇö other bot reconnected, retrying takeover...
≡ƒö½ Re-killing other sessions...
ΓÜá∩╕Å  409 #376 ΓÇö other bot reconnected, retrying takeover...
≡ƒö½ Re-killing other sessions...
ΓÜá∩╕Å  409 #381 ΓÇö other bot reconnected, retrying takeover...
≡ƒö½ Re-killing other sessions...
ΓÜá∩╕Å  409 #386 ΓÇö other bot reconnected, retrying takeover...
Γ£à Handled /start from DOVELOPER AKKI ≡ƒûÑ∩╕Å (#4 served)
≡ƒö½ Re-killing other sessions...
ΓÜá∩╕Å  409 #391 ΓÇö other bot reconnected, retrying takeover...
≡ƒö½ Re-killing other sessions...
ΓÜá∩╕Å  409 #396 ΓÇö other bot reconnected, retrying takeover...
≡ƒö½ Re-killing other sessions...
ΓÜá∩╕Å  409 #401 ΓÇö other bot reconnected, retrying takeover...
≡ƒö½ Re-killing other sessions...
ΓÜá∩╕Å  409 #406 ΓÇö other bot reconnected, retrying takeover...
≡ƒö½ Re-killing other sessions...
ΓÜá∩╕Å  409 #411 ΓÇö other bot reconnected, retrying takeover...
≡ƒö½ Re-killing other sessions...
ΓÜá∩╕Å  409 #416 ΓÇö other bot reconnected, retrying takeover...
≡ƒö½ Re-killing other sessions...
ΓÜá∩╕Å  409 #421 ΓÇö other bot reconnected, retrying takeover...
Γ£à Handled /start from DOVELOPER AKKI ≡ƒûÑ∩╕Å (#5 served)
≡ƒö½ Re-killing other sessions...
ΓÜá∩╕Å  409 #426 ΓÇö other bot reconnected, retrying takeover...
≡ƒö½ Re-killing other sessions...
ΓÜá∩╕Å  409 #431 ΓÇö other bot reconnected, retrying takeover...
≡ƒö½ Re-killing other sessions...
ΓÜá∩╕Å  409 #436 ΓÇö other bot reconnected, retrying takeover...
≡ƒö½ Re-killing other sessions...
ΓÜá∩╕Å  409 #441 ΓÇö other bot reconnected, retrying takeover...
≡ƒö½ Re-killing other sessions...
ΓÜá∩╕Å  409 #446 ΓÇö other bot reconnected, retrying takeover...
≡ƒö½ Re-killing other sessions...
ΓÜá∩╕Å  409 #451 ΓÇö other bot reconnected, retrying takeover...
≡ƒö½ Re-killing other sessions...
ΓÜá∩╕Å  409 #456 ΓÇö other bot reconnected, retrying takeover...
≡ƒö½ Re-killing other sessions...
ΓÜá∩╕Å  409 #461 ΓÇö other bot reconnected, retrying takeover...
≡ƒö½ Re-killing other sessions...
ΓÜá∩╕Å  409 #466 ΓÇö other bot reconnected, retrying takeover...
≡ƒö½ Re-killing other sessions...
ΓÜá∩╕Å  409 #471 ΓÇö other bot reconnected, retrying takeover...
≡ƒö½ Re-killing other sessions...
ΓÜá∩╕Å  409 #476 ΓÇö other bot reconnected, retrying takeover...
≡ƒö½ Re-killing other sessions...
ΓÜá∩╕Å  409 #481 ΓÇö other bot reconnected, retrying takeover...
≡ƒö½ Re-killing other sessions...
ΓÜá∩╕Å  409 #486 ΓÇö other bot reconnected, retrying takeover...
