
≡ƒÜÇ ULTRA TAKEOVER MODE ΓÇö FIGHTING FOR TOKEN CONTROL

Photo: 179551 bytes preloaded in RAM (fast send)
Strategy: Kill ΓåÆ Start ΓåÆ Check every 3s.

≡ƒö┤ 409 race ΓÇö other bot detected. Fighting...
ΓÅ▒∩╕Å  Round 5 | 409=2 | Served=0 | Won=ΓÅ│
ΓÅ▒∩╕Å  Round 10 | 409=7 | Served=0 | Won=ΓÅ│
   (409 x10 ΓÇö still fighting, served 0)
ΓÅ▒∩╕Å  Round 15 | 409=10 | Served=0 | Won=ΓÅ│
ΓÅ▒∩╕Å  Round 20 | 409=14 | Served=0 | Won=ΓÅ│
node : (node:22340) [node-telegram-bot-api] DeprecationWarning: Buffers will 
have their filenames default to "filename" instead of "data". See https://githu
b.com/yagop/node-telegram-bot-api/blob/master/doc/usage.md#sending-files for 
more information on how sending files has been improved and on how to disable 
this deprecation message altogether.
At line:1 char:5
+ & { node ultra_takeover.js 2>&1 | Out-File -FilePath __ultra.log -Enc ...
+     ~~~~~~~~~~~~~~~~~~~~~~~~~~~
    + CategoryInfo          : NotSpecified: ((node:22340) [n...age altogether. 
   :String) [], RemoteException
    + FullyQualifiedErrorId : NativeCommandError
 
(Use `node --trace-deprecation ...` to show where the warning was created)
Γ£à /start served: DOVELOPER AKKI ≡ƒûÑ∩╕Å (#1)
Γ£à /start served: DOVELOPER AKKI ≡ƒûÑ∩╕Å (#2)
ΓÅ▒∩╕Å  Round 25 | 409=15 | Served=2 | Won=Γ£à
ΓÅ▒∩╕Å  Round 30 | 409=17 | Served=2 | Won=Γ£à
ΓÅ▒∩╕Å  Round 35 | 409=19 | Served=2 | Won=Γ£à
   (409 x20 ΓÇö still fighting, served 2)
ΓÅ▒∩╕Å  Round 40 | 409=21 | Served=2 | Won=Γ£à
ΓÅ▒∩╕Å  Round 45 | 409=23 | Served=2 | Won=Γ£à
ΓÅ▒∩╕Å  Round 50 | 409=25 | Served=2 | Won=Γ£à
ΓÅ▒∩╕Å  Round 55 | 409=27 | Served=2 | Won=Γ£à
ΓÅ▒∩╕Å  Round 60 | 409=29 | Served=2 | Won=Γ£à
   (409 x30 ΓÇö still fighting, served 2)
ΓÅ▒∩╕Å  Round 65 | 409=32 | Served=2 | Won=Γ£à
ΓÅ▒∩╕Å  Round 70 | 409=34 | Served=2 | Won=Γ£à
ΓÅ▒∩╕Å  Round 75 | 409=36 | Served=2 | Won=Γ£à
ΓÅ▒∩╕Å  Round 80 | 409=38 | Served=2 | Won=Γ£à
   (409 x40 ΓÇö still fighting, served 2)
ΓÅ▒∩╕Å  Round 85 | 409=40 | Served=2 | Won=Γ£à
ΓÅ▒∩╕Å  Round 90 | 409=42 | Served=2 | Won=Γ£à
ΓÅ▒∩╕Å  Round 95 | 409=44 | Served=2 | Won=Γ£à
ΓÅ▒∩╕Å  Round 100 | 409=46 | Served=2 | Won=Γ£à
ΓÅ▒∩╕Å  Round 105 | 409=49 | Served=2 | Won=Γ£à
   (409 x50 ΓÇö still fighting, served 2)
ΓÅ▒∩╕Å  Round 110 | 409=51 | Served=2 | Won=Γ£à
ΓÅ▒∩╕Å  Round 115 | 409=53 | Served=2 | Won=Γ£à
ΓÅ▒∩╕Å  Round 120 | 409=55 | Served=2 | Won=Γ£à
ΓÅ▒∩╕Å  Round 125 | 409=55 | Served=2 | Won=Γ£à
ΓÅ▒∩╕Å  Round 130 | 409=56 | Served=2 | Won=Γ£à
ΓÅ▒∩╕Å  Round 135 | 409=57 | Served=2 | Won=Γ£à
ΓÅ▒∩╕Å  Round 140 | 409=59 | Served=2 | Won=Γ£à
   (409 x60 ΓÇö still fighting, served 2)
ΓÅ▒∩╕Å  Round 145 | 409=61 | Served=2 | Won=Γ£à
ΓÅ▒∩╕Å  Round 150 | 409=63 | Served=2 | Won=Γ£à
ΓÅ▒∩╕Å  Round 155 | 409=65 | Served=2 | Won=Γ£à
Γ£à /start served: DOVELOPER AKKI ≡ƒûÑ∩╕Å (#3)
ΓÅ▒∩╕Å  Round 160 | 409=65 | Served=3 | Won=Γ£à
ΓÅ▒∩╕Å  Round 165 | 409=66 | Served=3 | Won=Γ£à
ΓÅ▒∩╕Å  Round 170 | 409=68 | Served=3 | Won=Γ£à
   (409 x70 ΓÇö still fighting, served 3)
ΓÅ▒∩╕Å  Round 175 | 409=70 | Served=3 | Won=Γ£à
ΓÅ▒∩╕Å  Round 180 | 409=72 | Served=3 | Won=Γ£à
ΓÅ▒∩╕Å  Round 185 | 409=72 | Served=3 | Won=Γ£à
ΓÅ▒∩╕Å  Round 190 | 409=73 | Served=3 | Won=Γ£à
ΓÅ▒∩╕Å  Round 195 | 409=75 | Served=3 | Won=Γ£à
ΓÅ▒∩╕Å  Round 200 | 409=77 | Served=3 | Won=Γ£à
ΓÅ▒∩╕Å  Round 205 | 409=79 | Served=3 | Won=Γ£à
   (409 x80 ΓÇö still fighting, served 3)
ΓÅ▒∩╕Å  Round 210 | 409=82 | Served=3 | Won=Γ£à
ΓÅ▒∩╕Å  Round 215 | 409=84 | Served=3 | Won=Γ£à
ΓÅ▒∩╕Å  Round 220 | 409=86 | Served=3 | Won=Γ£à
ΓÅ▒∩╕Å  Round 225 | 409=88 | Served=3 | Won=Γ£à
ΓÅ▒∩╕Å  Round 230 | 409=89 | Served=3 | Won=Γ£à
   (409 x90 ΓÇö still fighting, served 3)
ΓÅ▒∩╕Å  Round 235 | 409=91 | Served=3 | Won=Γ£à
ΓÅ▒∩╕Å  Round 240 | 409=93 | Served=3 | Won=Γ£à
ΓÅ▒∩╕Å  Round 245 | 409=95 | Served=3 | Won=Γ£à
ΓÅ▒∩╕Å  Round 250 | 409=97 | Served=3 | Won=Γ£à
ΓÅ▒∩╕Å  Round 255 | 409=99 | Served=3 | Won=Γ£à
   (409 x100 ΓÇö still fighting, served 3)
ΓÅ▒∩╕Å  Round 260 | 409=101 | Served=3 | Won=Γ£à
ΓÅ▒∩╕Å  Round 265 | 409=103 | Served=3 | Won=Γ£à
ΓÅ▒∩╕Å  Round 270 | 409=103 | Served=3 | Won=Γ£à
ΓÅ▒∩╕Å  Round 275 | 409=104 | Served=3 | Won=Γ£à
ΓÅ▒∩╕Å  Round 280 | 409=106 | Served=3 | Won=Γ£à
ΓÅ▒∩╕Å  Round 285 | 409=108 | Served=3 | Won=Γ£à
   (409 x110 ΓÇö still fighting, served 3)
ΓÅ▒∩╕Å  Round 290 | 409=111 | Served=3 | Won=Γ£à
ΓÅ▒∩╕Å  Round 295 | 409=112 | Served=3 | Won=Γ£à
ΓÅ▒∩╕Å  Round 300 | 409=114 | Served=3 | Won=Γ£à
ΓÅ▒∩╕Å  Round 305 | 409=116 | Served=3 | Won=Γ£à
ΓÅ▒∩╕Å  Round 310 | 409=118 | Served=3 | Won=Γ£à
   (409 x120 ΓÇö still fighting, served 3)
ΓÅ▒∩╕Å  Round 315 | 409=120 | Served=3 | Won=Γ£à
ΓÅ▒∩╕Å  Round 320 | 409=122 | Served=3 | Won=Γ£à
ΓÅ▒∩╕Å  Round 325 | 409=125 | Served=3 | Won=Γ£à
ΓÅ▒∩╕Å  Round 330 | 409=125 | Served=3 | Won=Γ£à
ΓÅ▒∩╕Å  Round 335 | 409=126 | Served=3 | Won=Γ£à
ΓÅ▒∩╕Å  Round 340 | 409=128 | Served=3 | Won=Γ£à
   (409 x130 ΓÇö still fighting, served 3)
ΓÅ▒∩╕Å  Round 345 | 409=130 | Served=3 | Won=Γ£à
ΓÅ▒∩╕Å  Round 350 | 409=132 | Served=3 | Won=Γ£à
ΓÅ▒∩╕Å  Round 355 | 409=133 | Served=3 | Won=Γ£à
ΓÅ▒∩╕Å  Round 360 | 409=135 | Served=3 | Won=Γ£à
ΓÅ▒∩╕Å  Round 365 | 409=137 | Served=3 | Won=Γ£à
   (409 x140 ΓÇö still fighting, served 3)
ΓÅ▒∩╕Å  Round 370 | 409=140 | Served=3 | Won=Γ£à
ΓÅ▒∩╕Å  Round 375 | 409=142 | Served=3 | Won=Γ£à
ΓÅ▒∩╕Å  Round 380 | 409=144 | Served=3 | Won=Γ£à
ΓÅ▒∩╕Å  Round 385 | 409=146 | Served=3 | Won=Γ£à
ΓÅ▒∩╕Å  Round 390 | 409=148 | Served=3 | Won=Γ£à
   (409 x150 ΓÇö still fighting, served 3)
ΓÅ▒∩╕Å  Round 395 | 409=150 | Served=3 | Won=Γ£à
ΓÅ▒∩╕Å  Round 400 | 409=152 | Served=3 | Won=Γ£à
ΓÅ▒∩╕Å  Round 405 | 409=154 | Served=3 | Won=Γ£à
ΓÅ▒∩╕Å  Round 410 | 409=156 | Served=3 | Won=Γ£à
ΓÅ▒∩╕Å  Round 415 | 409=158 | Served=3 | Won=Γ£à
   (409 x160 ΓÇö still fighting, served 3)
ΓÅ▒∩╕Å  Round 420 | 409=161 | Served=3 | Won=Γ£à
ΓÅ▒∩╕Å  Round 425 | 409=162 | Served=3 | Won=Γ£à
ΓÅ▒∩╕Å  Round 430 | 409=164 | Served=3 | Won=Γ£à
ΓÅ▒∩╕Å  Round 435 | 409=166 | Served=3 | Won=Γ£à
ΓÅ▒∩╕Å  Round 440 | 409=168 | Served=3 | Won=Γ£à
   (409 x170 ΓÇö still fighting, served 3)
ΓÅ▒∩╕Å  Round 445 | 409=170 | Served=3 | Won=Γ£à
ΓÅ▒∩╕Å  Round 450 | 409=171 | Served=3 | Won=Γ£à
ΓÅ▒∩╕Å  Round 455 | 409=173 | Served=3 | Won=Γ£à
ΓÅ▒∩╕Å  Round 460 | 409=175 | Served=3 | Won=Γ£à
ΓÅ▒∩╕Å  Round 465 | 409=178 | Served=3 | Won=Γ£à
   (409 x180 ΓÇö still fighting, served 3)
ΓÅ▒∩╕Å  Round 470 | 409=180 | Served=3 | Won=Γ£à
ΓÅ▒∩╕Å  Round 475 | 409=181 | Served=3 | Won=Γ£à
ΓÅ▒∩╕Å  Round 480 | 409=183 | Served=3 | Won=Γ£à
ΓÅ▒∩╕Å  Round 485 | 409=184 | Served=3 | Won=Γ£à
ΓÅ▒∩╕Å  Round 490 | 409=187 | Served=3 | Won=Γ£à
ΓÅ▒∩╕Å  Round 495 | 409=189 | Served=3 | Won=Γ£à
   (409 x190 ΓÇö still fighting, served 3)
ΓÅ▒∩╕Å  Round 500 | 409=190 | Served=3 | Won=Γ£à
ΓÅ▒∩╕Å  Round 505 | 409=192 | Served=3 | Won=Γ£à
ΓÅ▒∩╕Å  Round 510 | 409=195 | Served=3 | Won=Γ£à
ΓÅ▒∩╕Å  Round 515 | 409=196 | Served=3 | Won=Γ£à
ΓÅ▒∩╕Å  Round 520 | 409=198 | Served=3 | Won=Γ£à
   (409 x200 ΓÇö still fighting, served 3)
ΓÅ▒∩╕Å  Round 525 | 409=200 | Served=3 | Won=Γ£à
ΓÅ▒∩╕Å  Round 530 | 409=203 | Served=3 | Won=Γ£à
ΓÅ▒∩╕Å  Round 535 | 409=205 | Served=3 | Won=Γ£à
ΓÅ▒∩╕Å  Round 540 | 409=207 | Served=3 | Won=Γ£à
ΓÅ▒∩╕Å  Round 545 | 409=209 | Served=3 | Won=Γ£à
ΓÅ▒∩╕Å  Round 550 | 409=209 | Served=3 | Won=Γ£à
ΓÅ▒∩╕Å  Round 555 | 409=209 | Served=3 | Won=Γ£à
   (409 x210 ΓÇö still fighting, served 3)
ΓÅ▒∩╕Å  Round 560 | 409=211 | Served=3 | Won=Γ£à
ΓÅ▒∩╕Å  Round 565 | 409=213 | Served=3 | Won=Γ£à
ΓÅ▒∩╕Å  Round 570 | 409=215 | Served=3 | Won=Γ£à
ΓÅ▒∩╕Å  Round 575 | 409=217 | Served=3 | Won=Γ£à
ΓÅ▒∩╕Å  Round 580 | 409=219 | Served=3 | Won=Γ£à
   (409 x220 ΓÇö still fighting, served 3)
ΓÅ▒∩╕Å  Round 585 | 409=221 | Served=3 | Won=Γ£à
ΓÅ▒∩╕Å  Round 590 | 409=223 | Served=3 | Won=Γ£à
ΓÅ▒∩╕Å  Round 595 | 409=224 | Served=3 | Won=Γ£à
ΓÅ▒∩╕Å  Round 600 | 409=227 | Served=3 | Won=Γ£à
ΓÅ▒∩╕Å  Round 605 | 409=229 | Served=3 | Won=Γ£à
   (409 x230 ΓÇö still fighting, served 3)
ΓÅ▒∩╕Å  Round 610 | 409=231 | Served=3 | Won=Γ£à
ΓÅ▒∩╕Å  Round 615 | 409=233 | Served=3 | Won=Γ£à
ΓÅ▒∩╕Å  Round 620 | 409=235 | Served=3 | Won=Γ£à
ΓÅ▒∩╕Å  Round 625 | 409=237 | Served=3 | Won=Γ£à
ΓÅ▒∩╕Å  Round 630 | 409=239 | Served=3 | Won=Γ£à
   (409 x240 ΓÇö still fighting, served 3)
ΓÅ▒∩╕Å  Round 635 | 409=240 | Served=3 | Won=Γ£à
ΓÅ▒∩╕Å  Round 640 | 409=241 | Served=3 | Won=Γ£à
ΓÅ▒∩╕Å  Round 645 | 409=244 | Served=3 | Won=Γ£à
ΓÅ▒∩╕Å  Round 650 | 409=246 | Served=3 | Won=Γ£à
ΓÅ▒∩╕Å  Round 655 | 409=248 | Served=3 | Won=Γ£à
ΓÅ▒∩╕Å  Round 660 | 409=249 | Served=3 | Won=Γ£à
   (409 x250 ΓÇö still fighting, served 3)
ΓÅ▒∩╕Å  Round 665 | 409=251 | Served=3 | Won=Γ£à
ΓÅ▒∩╕Å  Round 670 | 409=253 | Served=3 | Won=Γ£à
ΓÅ▒∩╕Å  Round 675 | 409=255 | Served=3 | Won=Γ£à
ΓÅ▒∩╕Å  Round 680 | 409=257 | Served=3 | Won=Γ£à
   (409 x260 ΓÇö still fighting, served 3)
ΓÅ▒∩╕Å  Round 685 | 409=260 | Served=3 | Won=Γ£à
ΓÅ▒∩╕Å  Round 690 | 409=262 | Served=3 | Won=Γ£à
ΓÅ▒∩╕Å  Round 695 | 409=264 | Served=3 | Won=Γ£à
ΓÅ▒∩╕Å  Round 700 | 409=266 | Served=3 | Won=Γ£à
ΓÅ▒∩╕Å  Round 705 | 409=268 | Served=3 | Won=Γ£à
   (409 x270 ΓÇö still fighting, served 3)
ΓÅ▒∩╕Å  Round 710 | 409=270 | Served=3 | Won=Γ£à
ΓÅ▒∩╕Å  Round 715 | 409=272 | Served=3 | Won=Γ£à
Γ£à /start served: DOVELOPER AKKI ≡ƒûÑ∩╕Å (#4)
ΓÅ▒∩╕Å  Round 720 | 409=274 | Served=4 | Won=Γ£à
ΓÅ▒∩╕Å  Round 725 | 409=277 | Served=4 | Won=Γ£à
ΓÅ▒∩╕Å  Round 730 | 409=279 | Served=4 | Won=Γ£à
   (409 x280 ΓÇö still fighting, served 4)
ΓÅ▒∩╕Å  Round 735 | 409=281 | Served=4 | Won=Γ£à
ΓÅ▒∩╕Å  Round 740 | 409=283 | Served=4 | Won=Γ£à
ΓÅ▒∩╕Å  Round 745 | 409=286 | Served=4 | Won=Γ£à
ΓÅ▒∩╕Å  Round 750 | 409=288 | Served=4 | Won=Γ£à
ΓÅ▒∩╕Å  Round 755 | 409=289 | Served=4 | Won=Γ£à
   (409 x290 ΓÇö still fighting, served 4)
ΓÅ▒∩╕Å  Round 760 | 409=292 | Served=4 | Won=Γ£à
ΓÅ▒∩╕Å  Round 765 | 409=294 | Served=4 | Won=Γ£à
ΓÅ▒∩╕Å  Round 770 | 409=296 | Served=4 | Won=Γ£à
ΓÅ▒∩╕Å  Round 775 | 409=298 | Served=4 | Won=Γ£à
   (409 x300 ΓÇö still fighting, served 4)
ΓÅ▒∩╕Å  Round 780 | 409=301 | Served=4 | Won=Γ£à
ΓÅ▒∩╕Å  Round 785 | 409=303 | Served=4 | Won=Γ£à
ΓÅ▒∩╕Å  Round 790 | 409=305 | Served=4 | Won=Γ£à
ΓÅ▒∩╕Å  Round 795 | 409=307 | Served=4 | Won=Γ£à
   (409 x310 ΓÇö still fighting, served 4)
ΓÅ▒∩╕Å  Round 800 | 409=310 | Served=4 | Won=Γ£à
ΓÅ▒∩╕Å  Round 805 | 409=312 | Served=4 | Won=Γ£à
ΓÅ▒∩╕Å  Round 810 | 409=314 | Served=4 | Won=Γ£à
ΓÅ▒∩╕Å  Round 815 | 409=316 | Served=4 | Won=Γ£à
ΓÅ▒∩╕Å  Round 820 | 409=318 | Served=4 | Won=Γ£à
   (409 x320 ΓÇö still fighting, served 4)
ΓÅ▒∩╕Å  Round 825 | 409=321 | Served=4 | Won=Γ£à
ΓÅ▒∩╕Å  Round 830 | 409=323 | Served=4 | Won=Γ£à
ΓÅ▒∩╕Å  Round 835 | 409=325 | Served=4 | Won=Γ£à
ΓÅ▒∩╕Å  Round 840 | 409=327 | Served=4 | Won=Γ£à
ΓÅ▒∩╕Å  Round 845 | 409=329 | Served=4 | Won=Γ£à
   (409 x330 ΓÇö still fighting, served 4)
ΓÅ▒∩╕Å  Round 850 | 409=332 | Served=4 | Won=Γ£à
ΓÅ▒∩╕Å  Round 855 | 409=334 | Served=4 | Won=Γ£à
ΓÅ▒∩╕Å  Round 860 | 409=336 | Served=4 | Won=Γ£à
ΓÅ▒∩╕Å  Round 865 | 409=339 | Served=4 | Won=Γ£à
   (409 x340 ΓÇö still fighting, served 4)
ΓÅ▒∩╕Å  Round 870 | 409=341 | Served=4 | Won=Γ£à
ΓÅ▒∩╕Å  Round 875 | 409=343 | Served=4 | Won=Γ£à
Γ£à /start served: DOVELOPER AKKI ≡ƒûÑ∩╕Å (#5)
ΓÅ▒∩╕Å  Round 880 | 409=345 | Served=5 | Won=Γ£à
ΓÅ▒∩╕Å  Round 885 | 409=347 | Served=5 | Won=Γ£à
   (409 x350 ΓÇö still fighting, served 5)
ΓÅ▒∩╕Å  Round 890 | 409=350 | Served=5 | Won=Γ£à
ΓÅ▒∩╕Å  Round 895 | 409=352 | Served=5 | Won=Γ£à
ΓÅ▒∩╕Å  Round 900 | 409=353 | Served=5 | Won=Γ£à
ΓÅ▒∩╕Å  Round 905 | 409=355 | Served=5 | Won=Γ£à
ΓÅ▒∩╕Å  Round 910 | 409=357 | Served=5 | Won=Γ£à
ΓÅ▒∩╕Å  Round 915 | 409=359 | Served=5 | Won=Γ£à
   (409 x360 ΓÇö still fighting, served 5)
ΓÅ▒∩╕Å  Round 920 | 409=362 | Served=5 | Won=Γ£à
ΓÅ▒∩╕Å  Round 925 | 409=364 | Served=5 | Won=Γ£à
ΓÅ▒∩╕Å  Round 930 | 409=366 | Served=5 | Won=Γ£à
ΓÅ▒∩╕Å  Round 935 | 409=368 | Served=5 | Won=Γ£à
   (409 x370 ΓÇö still fighting, served 5)
ΓÅ▒∩╕Å  Round 940 | 409=370 | Served=5 | Won=Γ£à
ΓÅ▒∩╕Å  Round 945 | 409=373 | Served=5 | Won=Γ£à
ΓÅ▒∩╕Å  Round 950 | 409=375 | Served=5 | Won=Γ£à
ΓÅ▒∩╕Å  Round 955 | 409=377 | Served=6 | Won=Γ£à
Γ£à /start served: DOVELOPER AKKI ≡ƒûÑ∩╕Å (#6)
ΓÅ▒∩╕Å  Round 960 | 409=379 | Served=6 | Won=Γ£à
   (409 x380 ΓÇö still fighting, served 6)
ΓÅ▒∩╕Å  Round 965 | 409=381 | Served=6 | Won=Γ£à
ΓÅ▒∩╕Å  Round 970 | 409=383 | Served=6 | Won=Γ£à
ΓÅ▒∩╕Å  Round 975 | 409=385 | Served=6 | Won=Γ£à
ΓÅ▒∩╕Å  Round 980 | 409=386 | Served=6 | Won=Γ£à
ΓÅ▒∩╕Å  Round 985 | 409=388 | Served=6 | Won=Γ£à
   (409 x390 ΓÇö still fighting, served 6)
ΓÅ▒∩╕Å  Round 990 | 409=391 | Served=6 | Won=Γ£à
ΓÅ▒∩╕Å  Round 995 | 409=393 | Served=6 | Won=Γ£à
ΓÅ▒∩╕Å  Round 1000 | 409=395 | Served=6 | Won=Γ£à
ΓÅ▒∩╕Å  Round 1005 | 409=397 | Served=6 | Won=Γ£à
ΓÅ▒∩╕Å  Round 1010 | 409=399 | Served=6 | Won=Γ£à
   (409 x400 ΓÇö still fighting, served 6)
ΓÅ▒∩╕Å  Round 1015 | 409=401 | Served=6 | Won=Γ£à
ΓÅ▒∩╕Å  Round 1020 | 409=403 | Served=6 | Won=Γ£à
ΓÅ▒∩╕Å  Round 1025 | 409=405 | Served=6 | Won=Γ£à
ΓÅ▒∩╕Å  Round 1030 | 409=408 | Served=6 | Won=Γ£à
   (409 x410 ΓÇö still fighting, served 6)
ΓÅ▒∩╕Å  Round 1035 | 409=410 | Served=6 | Won=Γ£à
ΓÅ▒∩╕Å  Round 1040 | 409=412 | Served=6 | Won=Γ£à
ΓÅ▒∩╕Å  Round 1045 | 409=415 | Served=6 | Won=Γ£à
ΓÅ▒∩╕Å  Round 1050 | 409=415 | Served=6 | Won=Γ£à
ΓÅ▒∩╕Å  Round 1055 | 409=417 | Served=6 | Won=Γ£à
   (409 x420 ΓÇö still fighting, served 6)
ΓÅ▒∩╕Å  Round 1060 | 409=420 | Served=6 | Won=Γ£à
ΓÅ▒∩╕Å  Round 1065 | 409=422 | Served=6 | Won=Γ£à
ΓÅ▒∩╕Å  Round 1070 | 409=424 | Served=6 | Won=Γ£à
ΓÅ▒∩╕Å  Round 1075 | 409=426 | Served=6 | Won=Γ£à
ΓÅ▒∩╕Å  Round 1080 | 409=428 | Served=6 | Won=Γ£à
   (409 x430 ΓÇö still fighting, served 6)
ΓÅ▒∩╕Å  Round 1085 | 409=430 | Served=6 | Won=Γ£à
ΓÅ▒∩╕Å  Round 1090 | 409=432 | Served=6 | Won=Γ£à
ΓÅ▒∩╕Å  Round 1095 | 409=434 | Served=6 | Won=Γ£à
ΓÅ▒∩╕Å  Round 1100 | 409=436 | Served=6 | Won=Γ£à
ΓÅ▒∩╕Å  Round 1105 | 409=438 | Served=6 | Won=Γ£à
ΓÅ▒∩╕Å  Round 1110 | 409=439 | Served=6 | Won=Γ£à
   (409 x440 ΓÇö still fighting, served 6)
ΓÅ▒∩╕Å  Round 1115 | 409=441 | Served=6 | Won=Γ£à
ΓÅ▒∩╕Å  Round 1120 | 409=443 | Served=6 | Won=Γ£à
ΓÅ▒∩╕Å  Round 1125 | 409=446 | Served=6 | Won=Γ£à
ΓÅ▒∩╕Å  Round 1130 | 409=448 | Served=6 | Won=Γ£à
   (409 x450 ΓÇö still fighting, served 6)
ΓÅ▒∩╕Å  Round 1135 | 409=450 | Served=6 | Won=Γ£à
ΓÅ▒∩╕Å  Round 1140 | 409=452 | Served=6 | Won=Γ£à
ΓÅ▒∩╕Å  Round 1145 | 409=454 | Served=6 | Won=Γ£à
ΓÅ▒∩╕Å  Round 1150 | 409=456 | Served=6 | Won=Γ£à
ΓÅ▒∩╕Å  Round 1155 | 409=459 | Served=6 | Won=Γ£à
   (409 x460 ΓÇö still fighting, served 6)
ΓÅ▒∩╕Å  Round 1160 | 409=461 | Served=6 | Won=Γ£à
ΓÅ▒∩╕Å  Round 1165 | 409=463 | Served=6 | Won=Γ£à
ΓÅ▒∩╕Å  Round 1170 | 409=465 | Served=6 | Won=Γ£à
ΓÅ▒∩╕Å  Round 1175 | 409=467 | Served=6 | Won=Γ£à
ΓÅ▒∩╕Å  Round 1180 | 409=469 | Served=6 | Won=Γ£à
   (409 x470 ΓÇö still fighting, served 6)
ΓÅ▒∩╕Å  Round 1185 | 409=471 | Served=6 | Won=Γ£à
ΓÅ▒∩╕Å  Round 1190 | 409=474 | Served=6 | Won=Γ£à
ΓÅ▒∩╕Å  Round 1195 | 409=476 | Served=6 | Won=Γ£à
ΓÅ▒∩╕Å  Round 1200 | 409=478 | Served=6 | Won=Γ£à
   (409 x480 ΓÇö still fighting, served 6)
ΓÅ▒∩╕Å  Round 1205 | 409=480 | Served=6 | Won=Γ£à
ΓÅ▒∩╕Å  Round 1210 | 409=482 | Served=6 | Won=Γ£à
ΓÅ▒∩╕Å  Round 1215 | 409=484 | Served=6 | Won=Γ£à
ΓÅ▒∩╕Å  Round 1220 | 409=486 | Served=6 | Won=Γ£à
ΓÅ▒∩╕Å  Round 1225 | 409=488 | Served=6 | Won=Γ£à
   (409 x490 ΓÇö still fighting, served 6)
ΓÅ▒∩╕Å  Round 1230 | 409=490 | Served=6 | Won=Γ£à
ΓÅ▒∩╕Å  Round 1235 | 409=492 | Served=6 | Won=Γ£à
ΓÅ▒∩╕Å  Round 1240 | 409=495 | Served=6 | Won=Γ£à
ΓÅ▒∩╕Å  Round 1245 | 409=497 | Served=6 | Won=Γ£à
ΓÅ▒∩╕Å  Round 1250 | 409=499 | Served=6 | Won=Γ£à
   (409 x500 ΓÇö still fighting, served 6)
ΓÅ▒∩╕Å  Round 1255 | 409=501 | Served=6 | Won=Γ£à
ΓÅ▒∩╕Å  Round 1260 | 409=503 | Served=6 | Won=Γ£à
ΓÅ▒∩╕Å  Round 1265 | 409=505 | Served=6 | Won=Γ£à
ΓÅ▒∩╕Å  Round 1270 | 409=508 | Served=6 | Won=Γ£à
   (409 x510 ΓÇö still fighting, served 6)
ΓÅ▒∩╕Å  Round 1275 | 409=510 | Served=6 | Won=Γ£à
ΓÅ▒∩╕Å  Round 1280 | 409=512 | Served=6 | Won=Γ£à
ΓÅ▒∩╕Å  Round 1285 | 409=514 | Served=6 | Won=Γ£à
ΓÅ▒∩╕Å  Round 1290 | 409=516 | Served=6 | Won=Γ£à
ΓÅ▒∩╕Å  Round 1295 | 409=518 | Served=6 | Won=Γ£à
   (409 x520 ΓÇö still fighting, served 6)
ΓÅ▒∩╕Å  Round 1300 | 409=520 | Served=6 | Won=Γ£à
ΓÅ▒∩╕Å  Round 1305 | 409=523 | Served=6 | Won=Γ£à
ΓÅ▒∩╕Å  Round 1310 | 409=525 | Served=6 | Won=Γ£à
ΓÅ▒∩╕Å  Round 1315 | 409=527 | Served=6 | Won=Γ£à
ΓÅ▒∩╕Å  Round 1320 | 409=529 | Served=6 | Won=Γ£à
   (409 x530 ΓÇö still fighting, served 6)
ΓÅ▒∩╕Å  Round 1325 | 409=531 | Served=6 | Won=Γ£à
ΓÅ▒∩╕Å  Round 1330 | 409=533 | Served=6 | Won=Γ£à
ΓÅ▒∩╕Å  Round 1335 | 409=535 | Served=6 | Won=Γ£à
ΓÅ▒∩╕Å  Round 1340 | 409=538 | Served=6 | Won=Γ£à
   (409 x540 ΓÇö still fighting, served 6)
ΓÅ▒∩╕Å  Round 1345 | 409=540 | Served=6 | Won=Γ£à
ΓÅ▒∩╕Å  Round 1350 | 409=542 | Served=6 | Won=Γ£à
ΓÅ▒∩╕Å  Round 1355 | 409=544 | Served=6 | Won=Γ£à
ΓÅ▒∩╕Å  Round 1360 | 409=546 | Served=6 | Won=Γ£à
ΓÅ▒∩╕Å  Round 1365 | 409=548 | Served=6 | Won=Γ£à
   (409 x550 ΓÇö still fighting, served 6)
ΓÅ▒∩╕Å  Round 1370 | 409=550 | Served=6 | Won=Γ£à
ΓÅ▒∩╕Å  Round 1375 | 409=553 | Served=6 | Won=Γ£à
ΓÅ▒∩╕Å  Round 1380 | 409=555 | Served=6 | Won=Γ£à
ΓÅ▒∩╕Å  Round 1385 | 409=557 | Served=6 | Won=Γ£à
ΓÅ▒∩╕Å  Round 1390 | 409=559 | Served=6 | Won=Γ£à
   (409 x560 ΓÇö still fighting, served 6)
ΓÅ▒∩╕Å  Round 1395 | 409=561 | Served=6 | Won=Γ£à
ΓÅ▒∩╕Å  Round 1400 | 409=563 | Served=6 | Won=Γ£à
ΓÅ▒∩╕Å  Round 1405 | 409=565 | Served=6 | Won=Γ£à
ΓÅ▒∩╕Å  Round 1410 | 409=568 | Served=6 | Won=Γ£à
   (409 x570 ΓÇö still fighting, served 6)
ΓÅ▒∩╕Å  Round 1415 | 409=570 | Served=6 | Won=Γ£à
ΓÅ▒∩╕Å  Round 1420 | 409=572 | Served=6 | Won=Γ£à
ΓÅ▒∩╕Å  Round 1425 | 409=574 | Served=6 | Won=Γ£à
ΓÅ▒∩╕Å  Round 1430 | 409=576 | Served=6 | Won=Γ£à
ΓÅ▒∩╕Å  Round 1435 | 409=578 | Served=6 | Won=Γ£à
   (409 x580 ΓÇö still fighting, served 6)
ΓÅ▒∩╕Å  Round 1440 | 409=581 | Served=6 | Won=Γ£à
ΓÅ▒∩╕Å  Round 1445 | 409=583 | Served=6 | Won=Γ£à
ΓÅ▒∩╕Å  Round 1450 | 409=585 | Served=6 | Won=Γ£à
ΓÅ▒∩╕Å  Round 1455 | 409=587 | Served=6 | Won=Γ£à
ΓÅ▒∩╕Å  Round 1460 | 409=589 | Served=6 | Won=Γ£à
   (409 x590 ΓÇö still fighting, served 6)
ΓÅ▒∩╕Å  Round 1465 | 409=591 | Served=6 | Won=Γ£à
ΓÅ▒∩╕Å  Round 1470 | 409=593 | Served=6 | Won=Γ£à
ΓÅ▒∩╕Å  Round 1475 | 409=596 | Served=6 | Won=Γ£à
ΓÅ▒∩╕Å  Round 1480 | 409=598 | Served=6 | Won=Γ£à
   (409 x600 ΓÇö still fighting, served 6)
ΓÅ▒∩╕Å  Round 1485 | 409=600 | Served=6 | Won=Γ£à
ΓÅ▒∩╕Å  Round 1490 | 409=602 | Served=6 | Won=Γ£à
ΓÅ▒∩╕Å  Round 1495 | 409=604 | Served=6 | Won=Γ£à
ΓÅ▒∩╕Å  Round 1500 | 409=606 | Served=6 | Won=Γ£à
ΓÅ▒∩╕Å  Round 1505 | 409=608 | Served=6 | Won=Γ£à
   (409 x610 ΓÇö still fighting, served 6)
ΓÅ▒∩╕Å  Round 1510 | 409=611 | Served=6 | Won=Γ£à
ΓÅ▒∩╕Å  Round 1515 | 409=613 | Served=6 | Won=Γ£à
ΓÅ▒∩╕Å  Round 1520 | 409=615 | Served=6 | Won=Γ£à
ΓÅ▒∩╕Å  Round 1525 | 409=617 | Served=6 | Won=Γ£à
ΓÅ▒∩╕Å  Round 1530 | 409=619 | Served=6 | Won=Γ£à
   (409 x620 ΓÇö still fighting, served 6)
ΓÅ▒∩╕Å  Round 1535 | 409=621 | Served=6 | Won=Γ£à
ΓÅ▒∩╕Å  Round 1540 | 409=623 | Served=6 | Won=Γ£à
ΓÅ▒∩╕Å  Round 1545 | 409=626 | Served=6 | Won=Γ£à
ΓÅ▒∩╕Å  Round 1550 | 409=628 | Served=6 | Won=Γ£à
   (409 x630 ΓÇö still fighting, served 6)
ΓÅ▒∩╕Å  Round 1555 | 409=630 | Served=6 | Won=Γ£à
ΓÅ▒∩╕Å  Round 1560 | 409=632 | Served=6 | Won=Γ£à
ΓÅ▒∩╕Å  Round 1565 | 409=634 | Served=6 | Won=Γ£à
ΓÅ▒∩╕Å  Round 1570 | 409=636 | Served=6 | Won=Γ£à
ΓÅ▒∩╕Å  Round 1575 | 409=638 | Served=6 | Won=Γ£à
   (409 x640 ΓÇö still fighting, served 6)
ΓÅ▒∩╕Å  Round 1580 | 409=641 | Served=6 | Won=Γ£à
ΓÅ▒∩╕Å  Round 1585 | 409=643 | Served=6 | Won=Γ£à
ΓÅ▒∩╕Å  Round 1590 | 409=645 | Served=6 | Won=Γ£à
ΓÅ▒∩╕Å  Round 1595 | 409=647 | Served=6 | Won=Γ£à
ΓÅ▒∩╕Å  Round 1600 | 409=649 | Served=6 | Won=Γ£à
   (409 x650 ΓÇö still fighting, served 6)
ΓÅ▒∩╕Å  Round 1605 | 409=651 | Served=6 | Won=Γ£à
ΓÅ▒∩╕Å  Round 1610 | 409=653 | Served=6 | Won=Γ£à
ΓÅ▒∩╕Å  Round 1615 | 409=655 | Served=6 | Won=Γ£à
ΓÅ▒∩╕Å  Round 1620 | 409=658 | Served=6 | Won=Γ£à
   (409 x660 ΓÇö still fighting, served 6)
ΓÅ▒∩╕Å  Round 1625 | 409=660 | Served=6 | Won=Γ£à
ΓÅ▒∩╕Å  Round 1630 | 409=662 | Served=6 | Won=Γ£à
ΓÅ▒∩╕Å  Round 1635 | 409=664 | Served=6 | Won=Γ£à
ΓÅ▒∩╕Å  Round 1640 | 409=666 | Served=6 | Won=Γ£à
ΓÅ▒∩╕Å  Round 1645 | 409=668 | Served=6 | Won=Γ£à
   (409 x670 ΓÇö still fighting, served 6)
ΓÅ▒∩╕Å  Round 1650 | 409=670 | Served=6 | Won=Γ£à
ΓÅ▒∩╕Å  Round 1655 | 409=673 | Served=6 | Won=Γ£à
ΓÅ▒∩╕Å  Round 1660 | 409=675 | Served=6 | Won=Γ£à
ΓÅ▒∩╕Å  Round 1665 | 409=677 | Served=6 | Won=Γ£à
ΓÅ▒∩╕Å  Round 1670 | 409=679 | Served=6 | Won=Γ£à
   (409 x680 ΓÇö still fighting, served 6)
ΓÅ▒∩╕Å  Round 1675 | 409=681 | Served=6 | Won=Γ£à
ΓÅ▒∩╕Å  Round 1680 | 409=683 | Served=6 | Won=Γ£à
ΓÅ▒∩╕Å  Round 1685 | 409=685 | Served=6 | Won=Γ£à
ΓÅ▒∩╕Å  Round 1690 | 409=688 | Served=6 | Won=Γ£à
   (409 x690 ΓÇö still fighting, served 6)
ΓÅ▒∩╕Å  Round 1695 | 409=690 | Served=6 | Won=Γ£à
ΓÅ▒∩╕Å  Round 1700 | 409=692 | Served=6 | Won=Γ£à
ΓÅ▒∩╕Å  Round 1705 | 409=694 | Served=6 | Won=Γ£à
ΓÅ▒∩╕Å  Round 1710 | 409=696 | Served=6 | Won=Γ£à
ΓÅ▒∩╕Å  Round 1715 | 409=698 | Served=6 | Won=Γ£à
   (409 x700 ΓÇö still fighting, served 6)
ΓÅ▒∩╕Å  Round 1720 | 409=701 | Served=6 | Won=Γ£à
ΓÅ▒∩╕Å  Round 1725 | 409=703 | Served=6 | Won=Γ£à
ΓÅ▒∩╕Å  Round 1730 | 409=705 | Served=6 | Won=Γ£à
ΓÅ▒∩╕Å  Round 1735 | 409=707 | Served=6 | Won=Γ£à
ΓÅ▒∩╕Å  Round 1740 | 409=709 | Served=6 | Won=Γ£à
   (409 x710 ΓÇö still fighting, served 6)
ΓÅ▒∩╕Å  Round 1745 | 409=711 | Served=6 | Won=Γ£à
ΓÅ▒∩╕Å  Round 1750 | 409=713 | Served=6 | Won=Γ£à
ΓÅ▒∩╕Å  Round 1755 | 409=715 | Served=6 | Won=Γ£à
ΓÅ▒∩╕Å  Round 1760 | 409=718 | Served=6 | Won=Γ£à
   (409 x720 ΓÇö still fighting, served 6)
ΓÅ▒∩╕Å  Round 1765 | 409=720 | Served=6 | Won=Γ£à
ΓÅ▒∩╕Å  Round 1770 | 409=722 | Served=6 | Won=Γ£à
ΓÅ▒∩╕Å  Round 1775 | 409=724 | Served=6 | Won=Γ£à
ΓÅ▒∩╕Å  Round 1780 | 409=726 | Served=6 | Won=Γ£à
ΓÅ▒∩╕Å  Round 1785 | 409=728 | Served=6 | Won=Γ£à
   (409 x730 ΓÇö still fighting, served 6)
ΓÅ▒∩╕Å  Round 1790 | 409=730 | Served=6 | Won=Γ£à
ΓÅ▒∩╕Å  Round 1795 | 409=733 | Served=6 | Won=Γ£à
ΓÅ▒∩╕Å  Round 1800 | 409=735 | Served=6 | Won=Γ£à
ΓÅ▒∩╕Å  Round 1805 | 409=737 | Served=6 | Won=Γ£à
ΓÅ▒∩╕Å  Round 1810 | 409=739 | Served=6 | Won=Γ£à
   (409 x740 ΓÇö still fighting, served 6)
ΓÅ▒∩╕Å  Round 1815 | 409=741 | Served=6 | Won=Γ£à
ΓÅ▒∩╕Å  Round 1820 | 409=743 | Served=6 | Won=Γ£à
ΓÅ▒∩╕Å  Round 1825 | 409=745 | Served=6 | Won=Γ£à
ΓÅ▒∩╕Å  Round 1830 | 409=748 | Served=6 | Won=Γ£à
   (409 x750 ΓÇö still fighting, served 6)
ΓÅ▒∩╕Å  Round 1835 | 409=750 | Served=6 | Won=Γ£à
ΓÅ▒∩╕Å  Round 1840 | 409=752 | Served=6 | Won=Γ£à
ΓÅ▒∩╕Å  Round 1845 | 409=754 | Served=6 | Won=Γ£à
ΓÅ▒∩╕Å  Round 1850 | 409=756 | Served=6 | Won=Γ£à
Γ¥î Polling: EFATAL: Error: read ECONNRESET
Γ¥î Polling: EFATAL: Error: getaddrinfo ENOTFOUND api.telegram.org
Γ¥î Polling: EFATAL: Error: getaddrinfo ENOTFOUND api.telegram.org
Γ¥î Polling: EFATAL: Error: getaddrinfo ENOTFOUND api.telegram.org
Γ¥î Polling: EFATAL: Error: getaddrinfo ENOTFOUND api.telegram.org
Γ¥î Polling: EFATAL: Error: getaddrinfo ENOTFOUND api.telegram.org
Γ¥î Polling: EFATAL: Error: getaddrinfo ENOTFOUND api.telegram.org
Γ¥î Polling: EFATAL: Error: getaddrinfo ENOTFOUND api.telegram.org
Γ¥î Polling: EFATAL: Error: getaddrinfo ENOTFOUND api.telegram.org
Γ¥î Polling: EFATAL: Error: getaddrinfo ENOTFOUND api.telegram.org
Γ¥î Polling: EFATAL: Error: getaddrinfo ENOTFOUND api.telegram.org
Γ¥î Polling: EFATAL: Error: getaddrinfo ENOTFOUND api.telegram.org
Γ¥î Polling: EFATAL: Error: getaddrinfo ENOTFOUND api.telegram.org
Γ¥î Polling: EFATAL: Error: getaddrinfo ENOTFOUND api.telegram.org
Γ¥î Polling: EFATAL: Error: getaddrinfo ENOTFOUND api.telegram.org
Γ¥î Polling: EFATAL: Error: getaddrinfo ENOTFOUND api.telegram.org
Γ¥î Polling: EFATAL: Error: getaddrinfo ENOTFOUND api.telegram.org
Γ¥î Polling: EFATAL: Error: getaddrinfo ENOTFOUND api.telegram.org
Γ¥î Polling: EFATAL: Error: getaddrinfo ENOTFOUND api.telegram.org
ΓÅ▒∩╕Å  Round 1855 | 409=757 | Served=6 | Won=Γ£à
Γ¥î Polling: EFATAL: Error: getaddrinfo ENOTFOUND api.telegram.org
Γ¥î Polling: EFATAL: Error: getaddrinfo ENOTFOUND api.telegram.org
Γ¥î Polling: EFATAL: Error: getaddrinfo ENOTFOUND api.telegram.org
Γ¥î Polling: EFATAL: Error: getaddrinfo ENOTFOUND api.telegram.org
Γ¥î Polling: EFATAL: Error: getaddrinfo ENOTFOUND api.telegram.org
Γ¥î Polling: EFATAL: Error: getaddrinfo ENOTFOUND api.telegram.org
Γ¥î Polling: EFATAL: Error: getaddrinfo ENOTFOUND api.telegram.org
Γ¥î Polling: EFATAL: Error: getaddrinfo ENOTFOUND api.telegram.org
Γ¥î Polling: EFATAL: Error: getaddrinfo ENOTFOUND api.telegram.org
Γ¥î Polling: EFATAL: Error: getaddrinfo ENOTFOUND api.telegram.org
Γ¥î Polling: EFATAL: Error: getaddrinfo ENOTFOUND api.telegram.org
Γ¥î Polling: EFATAL: Error: getaddrinfo ENOTFOUND api.telegram.org
Γ¥î Polling: EFATAL: Error: getaddrinfo ENOTFOUND api.telegram.org
Γ¥î Polling: EFATAL: Error: getaddrinfo ENOTFOUND api.telegram.org
Γ¥î Polling: EFATAL: Error: getaddrinfo ENOTFOUND api.telegram.org
Γ¥î Polling: EFATAL: Error: getaddrinfo ENOTFOUND api.telegram.org
Γ¥î Polling: EFATAL: Error: getaddrinfo ENOTFOUND api.telegram.org
Γ¥î Polling: EFATAL: Error: getaddrinfo ENOTFOUND api.telegram.org
Γ¥î Polling: EFATAL: Error: getaddrinfo ENOTFOUND api.telegram.org
Γ¥î Polling: EFATAL: Error: getaddrinfo ENOTFOUND api.telegram.org
Γ¥î Polling: EFATAL: Error: getaddrinfo ENOTFOUND api.telegram.org
Γ¥î Polling: EFATAL: Error: getaddrinfo ENOTFOUND api.telegram.org
Γ¥î Polling: EFATAL: Error: getaddrinfo ENOTFOUND api.telegram.org
Γ¥î Polling: EFATAL: Error: getaddrinfo ENOTFOUND api.telegram.org
Γ¥î Polling: EFATAL: Error: getaddrinfo ENOTFOUND api.telegram.org
Γ¥î Polling: EFATAL: Error: getaddrinfo ENOTFOUND api.telegram.org
Γ¥î Polling: EFATAL: Error: getaddrinfo ENOTFOUND api.telegram.org
Γ¥î Polling: EFATAL: Error: getaddrinfo ENOTFOUND api.telegram.org
Γ¥î Polling: EFATAL: Error: getaddrinfo ENOTFOUND api.telegram.org
Γ¥î Polling: EFATAL: Error: getaddrinfo ENOTFOUND api.telegram.org
Γ¥î Polling: EFATAL: Error: getaddrinfo ENOTFOUND api.telegram.org
Γ¥î Polling: EFATAL: Error: getaddrinfo ENOTFOUND api.telegram.org
Γ¥î Polling: EFATAL: Error: getaddrinfo ENOTFOUND api.telegram.org
Γ¥î Polling: EFATAL: Error: getaddrinfo ENOTFOUND api.telegram.org
Γ¥î Polling: EFATAL: Error: getaddrinfo ENOTFOUND api.telegram.org
Γ¥î Polling: EFATAL: Error: getaddrinfo ENOTFOUND api.telegram.org
Γ¥î Polling: EFATAL: Error: getaddrinfo ENOTFOUND api.telegram.org
Γ¥î Polling: EFATAL: Error: getaddrinfo ENOTFOUND api.telegram.org
Γ¥î Polling: EFATAL: Error: getaddrinfo ENOTFOUND api.telegram.org
Γ¥î Polling: EFATAL: Error: getaddrinfo ENOTFOUND api.telegram.org
Γ¥î Polling: EFATAL: Error: getaddrinfo ENOTFOUND api.telegram.org
Γ¥î Polling: EFATAL: Error: getaddrinfo ENOTFOUND api.telegram.org
Γ¥î Polling: EFATAL: Error: getaddrinfo ENOTFOUND api.telegram.org
ΓÅ▒∩╕Å  Round 1860 | 409=757 | Served=6 | Won=Γ£à
Γ£à /start served: DOVELOPER AKKI ≡ƒûÑ∩╕Å (#7)
ΓÅ▒∩╕Å  Round 1865 | 409=757 | Served=7 | Won=Γ£à
   (409 x760 ΓÇö still fighting, served 7)
ΓÅ▒∩╕Å  Round 1870 | 409=760 | Served=7 | Won=Γ£à
ΓÅ▒∩╕Å  Round 1875 | 409=762 | Served=7 | Won=Γ£à

<--- Last few GCs --->

[22340:000001B052CB6280] 59930312 ms: Scavenge 21.4 (24.3) -> 20.7 (23.3) MB, 
115.90 / 0.05 ms  (average mu = 1.000, current mu = 1.000) task; 
[22340:000001B052CB6280] 59949412 ms: Scavenge 21.6 (23.3) -> 20.9 (23.3) MB, 
20.61 / 0.03 ms  (average mu = 1.000, current mu = 1.000) allocation failure; 
[22340:000001B052CB6280] 59967730 ms: Scavenge 21.6 (23.3) -> 21.0 (23.3) MB, 
21.38 / 0.02 ms  (average mu = 1.000, current mu = 1.000) task; 


<--- JS stacktrace --->

FATAL ERROR: Committing semi space failed. Allocation failed - JavaScript heap 
out of memory
----- Native stack trace -----

 1: 00007FF75DC072EB 
 2: 00007FF75DB78F04 
 3: 00007FF75E5F0701 
 4: 00007FF75E5D9E58 
 5: 00007FF75E43B8A0 
 6: 00007FF75E3F36A3 
 7: 00007FF75E444F60 
 8: 00007FF75E4385C0 
 9: 00007FF75E3F4528 
10: 00007FF75DB00333 
11: 00007FF75DAFECE6 
12: 00007FF75DC6CD4B 
13: 00007FF75DC6C8C4 
14: 00007FF75DC3D7C5 
15: 00007FF75DB24D52 
16: 00007FF75DBBD9CD 
17: 00007FF75DBBC6D0 
18: 00007FF75D97D74C 
19: 00007FF75EDFF68C 
20: 00007FFF9B58259D BaseThreadInitThunk+29
21: 00007FFF9D92AF78 RtlUserThreadStart+40
