≡ƒñû Bot is starting...
Γ£à Bot started successfully. Send a message on Telegram!
node : Γ¥î Polling error: ETELEGRAM: 409 Conflict: terminated by other 
getUpdates request; make sure that only one bot instance is running ETELEGRAM
At line:1 char:5
+ & { node bot.js 2>&1 | Out-File -FilePath final.log -Encoding utf8 }  ...
+     ~~~~~~~~~~~~~~~~
    + CategoryInfo          : NotSpecified: (Γ¥î Polling err...nning ETELEGRAM 
   :String) [], RemoteException
    + FullyQualifiedErrorId : NativeCommandError
 
ΓÜá∩╕Å  FATAL: Another bot instance is running somewhere. Stop it first.
Γ¥î Polling error: ETELEGRAM: 409 Conflict: terminated by other getUpdates 
request; make sure that only one bot instance is running ETELEGRAM
ΓÜá∩╕Å  FATAL: Another bot instance is running somewhere. Stop it first.
Γ¥î Polling error: ETELEGRAM: 409 Conflict: terminated by other getUpdates 
request; make sure that only one bot instance is running ETELEGRAM
ΓÜá∩╕Å  FATAL: Another bot instance is running somewhere. Stop it first.
Γ¥î Polling error: ETELEGRAM: 409 Conflict: terminated by other getUpdates 
request; make sure that only one bot instance is running ETELEGRAM
ΓÜá∩╕Å  FATAL: Another bot instance is running somewhere. Stop it first.
Γ¥î Polling error: ETELEGRAM: 409 Conflict: terminated by other getUpdates 
request; make sure that only one bot instance is running ETELEGRAM
ΓÜá∩╕Å  FATAL: Another bot instance is running somewhere. Stop it first.
Γ¥î Polling error: ETELEGRAM: 409 Conflict: terminated by other getUpdates 
request; make sure that only one bot instance is running ETELEGRAM
ΓÜá∩╕Å  FATAL: Another bot instance is running somewhere. Stop it first.
Γ¥î Polling error: ETELEGRAM: 409 Conflict: terminated by setWebhook request 
ETELEGRAM
ΓÜá∩╕Å  FATAL: Another bot instance is running somewhere. Stop it first.
Γ¥î Polling error: ETELEGRAM: 409 Conflict: terminated by other getUpdates 
request; make sure that only one bot instance is running ETELEGRAM
ΓÜá∩╕Å  FATAL: Another bot instance is running somewhere. Stop it first.
Γ¥î Polling error: ETELEGRAM: 409 Conflict: terminated by other getUpdates 
request; make sure that only one bot instance is running ETELEGRAM
ΓÜá∩╕Å  FATAL: Another bot instance is running somewhere. Stop it first.
Γ¥î Polling error: ETELEGRAM: 409 Conflict: terminated by other getUpdates 
request; make sure that only one bot instance is running ETELEGRAM
ΓÜá∩╕Å  FATAL: Another bot instance is running somewhere. Stop it first.
Γ¥î Polling error: ETELEGRAM: 409 Conflict: terminated by other getUpdates 
request; make sure that only one bot instance is running ETELEGRAM
ΓÜá∩╕Å  FATAL: Another bot instance is running somewhere. Stop it first.
Γ¥î Polling error: ETELEGRAM: 409 Conflict: terminated by other getUpdates 
request; make sure that only one bot instance is running ETELEGRAM
ΓÜá∩╕Å  FATAL: Another bot instance is running somewhere. Stop it first.
Γ¥î Polling error: ETELEGRAM: 409 Conflict: terminated by other getUpdates 
request; make sure that only one bot instance is running ETELEGRAM
ΓÜá∩╕Å  FATAL: Another bot instance is running somewhere. Stop it first.
Γ¥î Polling error: ETELEGRAM: 409 Conflict: terminated by other getUpdates 
request; make sure that only one bot instance is running ETELEGRAM
ΓÜá∩╕Å  FATAL: Another bot instance is running somewhere. Stop it first.
Γ¥î Polling error: ETELEGRAM: 409 Conflict: terminated by other getUpdates 
request; make sure that only one bot instance is running ETELEGRAM
ΓÜá∩╕Å  FATAL: Another bot instance is running somewhere. Stop it first.
Γ¥î Polling error: ETELEGRAM: 409 Conflict: terminated by other getUpdates 
request; make sure that only one bot instance is running ETELEGRAM
ΓÜá∩╕Å  FATAL: Another bot instance is running somewhere. Stop it first.
Γ¥î Polling error: ETELEGRAM: 409 Conflict: terminated by other getUpdates 
request; make sure that only one bot instance is running ETELEGRAM
ΓÜá∩╕Å  FATAL: Another bot instance is running somewhere. Stop it first.
Γ¥î Polling error: ETELEGRAM: 409 Conflict: terminated by other getUpdates 
request; make sure that only one bot instance is running ETELEGRAM
ΓÜá∩╕Å  FATAL: Another bot instance is running somewhere. Stop it first.
Γ¥î Polling error: ETELEGRAM: 409 Conflict: terminated by other getUpdates 
request; make sure that only one bot instance is running ETELEGRAM
ΓÜá∩╕Å  FATAL: Another bot instance is running somewhere. Stop it first.
Γ¥î Polling error: ETELEGRAM: 409 Conflict: terminated by other getUpdates 
request; make sure that only one bot instance is running ETELEGRAM
ΓÜá∩╕Å  FATAL: Another bot instance is running somewhere. Stop it first.
Γ¥î Polling error: ETELEGRAM: 409 Conflict: terminated by other getUpdates 
request; make sure that only one bot instance is running ETELEGRAM
ΓÜá∩╕Å  FATAL: Another bot instance is running somewhere. Stop it first.
Γ¥î Polling error: ETELEGRAM: 409 Conflict: terminated by other getUpdates 
request; make sure that only one bot instance is running ETELEGRAM
ΓÜá∩╕Å  FATAL: Another bot instance is running somewhere. Stop it first.
Γ¥î Polling error: ETELEGRAM: 409 Conflict: terminated by other getUpdates 
request; make sure that only one bot instance is running ETELEGRAM
ΓÜá∩╕Å  FATAL: Another bot instance is running somewhere. Stop it first.
Γ¥î Polling error: ETELEGRAM: 409 Conflict: terminated by other getUpdates 
request; make sure that only one bot instance is running ETELEGRAM
ΓÜá∩╕Å  FATAL: Another bot instance is running somewhere. Stop it first.
Γ¥î Polling error: ETELEGRAM: 409 Conflict: terminated by other getUpdates 
request; make sure that only one bot instance is running ETELEGRAM
ΓÜá∩╕Å  FATAL: Another bot instance is running somewhere. Stop it first.
Γ¥î Polling error: ETELEGRAM: 409 Conflict: terminated by other getUpdates 
request; make sure that only one bot instance is running ETELEGRAM
ΓÜá∩╕Å  FATAL: Another bot instance is running somewhere. Stop it first.
Γ¥î Polling error: ETELEGRAM: 409 Conflict: terminated by other getUpdates 
request; make sure that only one bot instance is running ETELEGRAM
ΓÜá∩╕Å  FATAL: Another bot instance is running somewhere. Stop it first.
Γ¥î Polling error: ETELEGRAM: 409 Conflict: terminated by other getUpdates 
request; make sure that only one bot instance is running ETELEGRAM
ΓÜá∩╕Å  FATAL: Another bot instance is running somewhere. Stop it first.
Γ¥î Polling error: ETELEGRAM: 409 Conflict: terminated by other getUpdates 
request; make sure that only one bot instance is running ETELEGRAM
ΓÜá∩╕Å  FATAL: Another bot instance is running somewhere. Stop it first.
Γ¥î Polling error: ETELEGRAM: 409 Conflict: terminated by other getUpdates 
request; make sure that only one bot instance is running ETELEGRAM
ΓÜá∩╕Å  FATAL: Another bot instance is running somewhere. Stop it first.
Γ¥î Polling error: ETELEGRAM: 409 Conflict: terminated by other getUpdates 
request; make sure that only one bot instance is running ETELEGRAM
ΓÜá∩╕Å  FATAL: Another bot instance is running somewhere. Stop it first.
Γ¥î Polling error: ETELEGRAM: 409 Conflict: terminated by other getUpdates 
request; make sure that only one bot instance is running ETELEGRAM
ΓÜá∩╕Å  FATAL: Another bot instance is running somewhere. Stop it first.
Γ¥î Polling error: ETELEGRAM: 409 Conflict: terminated by other getUpdates 
request; make sure that only one bot instance is running ETELEGRAM
ΓÜá∩╕Å  FATAL: Another bot instance is running somewhere. Stop it first.
Γ¥î Polling error: ETELEGRAM: 409 Conflict: terminated by other getUpdates 
request; make sure that only one bot instance is running ETELEGRAM
ΓÜá∩╕Å  FATAL: Another bot instance is running somewhere. Stop it first.
Γ¥î Polling error: ETELEGRAM: 409 Conflict: terminated by other getUpdates 
request; make sure that only one bot instance is running ETELEGRAM
ΓÜá∩╕Å  FATAL: Another bot instance is running somewhere. Stop it first.
Γ¥î Polling error: ETELEGRAM: 409 Conflict: terminated by other getUpdates 
request; make sure that only one bot instance is running ETELEGRAM
ΓÜá∩╕Å  FATAL: Another bot instance is running somewhere. Stop it first.
Γ¥î Polling error: ETELEGRAM: 409 Conflict: terminated by other getUpdates 
request; make sure that only one bot instance is running ETELEGRAM
ΓÜá∩╕Å  FATAL: Another bot instance is running somewhere. Stop it first.
Γ¥î Polling error: ETELEGRAM: 409 Conflict: terminated by other getUpdates 
request; make sure that only one bot instance is running ETELEGRAM
ΓÜá∩╕Å  FATAL: Another bot instance is running somewhere. Stop it first.
Γ¥î Polling error: ETELEGRAM: 409 Conflict: terminated by other getUpdates 
request; make sure that only one bot instance is running ETELEGRAM
ΓÜá∩╕Å  FATAL: Another bot instance is running somewhere. Stop it first.
Γ¥î Polling error: ETELEGRAM: 409 Conflict: terminated by other getUpdates 
request; make sure that only one bot instance is running ETELEGRAM
ΓÜá∩╕Å  FATAL: Another bot instance is running somewhere. Stop it first.
(node:20504) [node-telegram-bot-api] DeprecationWarning: In the future, 
content-type of files you send will default to "application/octet-stream". See 
https://github.com/yagop/node-telegram-bot-api/blob/master/doc/usage.md#sending
-files for more information on how sending files has been improved and on how 
to disable this deprecation message altogether.
(Use `node --trace-deprecation ...` to show where the warning was created)
Γ¥î Polling error: ETELEGRAM: 409 Conflict: can't use getUpdates method while 
webhook is active; use deleteWebhook to delete the webhook first ETELEGRAM
ΓÜá∩╕Å  FATAL: Another bot instance is running somewhere. Stop it first.
Γ¥î Polling error: ETELEGRAM: 409 Conflict: terminated by other getUpdates 
request; make sure that only one bot instance is running ETELEGRAM
ΓÜá∩╕Å  FATAL: Another bot instance is running somewhere. Stop it first.
Γ¥î Polling error: ETELEGRAM: 409 Conflict: terminated by other getUpdates 
request; make sure that only one bot instance is running ETELEGRAM
ΓÜá∩╕Å  FATAL: Another bot instance is running somewhere. Stop it first.
Γ¥î Polling error: ETELEGRAM: 409 Conflict: terminated by other getUpdates 
request; make sure that only one bot instance is running ETELEGRAM
ΓÜá∩╕Å  FATAL: Another bot instance is running somewhere. Stop it first.
Γ¥î Polling error: ETELEGRAM: 409 Conflict: terminated by other getUpdates 
request; make sure that only one bot instance is running ETELEGRAM
ΓÜá∩╕Å  FATAL: Another bot instance is running somewhere. Stop it first.
Γ¥î Polling error: ETELEGRAM: 409 Conflict: terminated by other getUpdates 
request; make sure that only one bot instance is running ETELEGRAM
ΓÜá∩╕Å  FATAL: Another bot instance is running somewhere. Stop it first.
Γ¥î Polling error: ETELEGRAM: 409 Conflict: terminated by other getUpdates 
request; make sure that only one bot instance is running ETELEGRAM
ΓÜá∩╕Å  FATAL: Another bot instance is running somewhere. Stop it first.
Γ¥î Polling error: ETELEGRAM: 409 Conflict: terminated by other getUpdates 
request; make sure that only one bot instance is running ETELEGRAM
ΓÜá∩╕Å  FATAL: Another bot instance is running somewhere. Stop it first.
Γ¥î Polling error: ETELEGRAM: 409 Conflict: terminated by other getUpdates 
request; make sure that only one bot instance is running ETELEGRAM
ΓÜá∩╕Å  FATAL: Another bot instance is running somewhere. Stop it first.
Γ¥î Polling error: ETELEGRAM: 409 Conflict: terminated by other getUpdates 
request; make sure that only one bot instance is running ETELEGRAM
ΓÜá∩╕Å  FATAL: Another bot instance is running somewhere. Stop it first.
Γ¥î Polling error: ETELEGRAM: 409 Conflict: terminated by other getUpdates 
request; make sure that only one bot instance is running ETELEGRAM
ΓÜá∩╕Å  FATAL: Another bot instance is running somewhere. Stop it first.
Γ¥î Polling error: ETELEGRAM: 409 Conflict: terminated by other getUpdates 
request; make sure that only one bot instance is running ETELEGRAM
ΓÜá∩╕Å  FATAL: Another bot instance is running somewhere. Stop it first.
Γ¥î Polling error: ETELEGRAM: 409 Conflict: terminated by other getUpdates 
request; make sure that only one bot instance is running ETELEGRAM
ΓÜá∩╕Å  FATAL: Another bot instance is running somewhere. Stop it first.
Γ¥î Polling error: ETELEGRAM: 409 Conflict: terminated by other getUpdates 
request; make sure that only one bot instance is running ETELEGRAM
ΓÜá∩╕Å  FATAL: Another bot instance is running somewhere. Stop it first.
Γ¥î Polling error: ETELEGRAM: 409 Conflict: terminated by other getUpdates 
request; make sure that only one bot instance is running ETELEGRAM
ΓÜá∩╕Å  FATAL: Another bot instance is running somewhere. Stop it first.
Γ¥î Polling error: ETELEGRAM: 409 Conflict: terminated by other getUpdates 
request; make sure that only one bot instance is running ETELEGRAM
ΓÜá∩╕Å  FATAL: Another bot instance is running somewhere. Stop it first.
Γ¥î Polling error: ETELEGRAM: 409 Conflict: terminated by other getUpdates 
request; make sure that only one bot instance is running ETELEGRAM
ΓÜá∩╕Å  FATAL: Another bot instance is running somewhere. Stop it first.
Γ¥î Polling error: ETELEGRAM: 409 Conflict: terminated by other getUpdates 
request; make sure that only one bot instance is running ETELEGRAM
ΓÜá∩╕Å  FATAL: Another bot instance is running somewhere. Stop it first.
Γ¥î Polling error: ETELEGRAM: 409 Conflict: terminated by other getUpdates 
request; make sure that only one bot instance is running ETELEGRAM
ΓÜá∩╕Å  FATAL: Another bot instance is running somewhere. Stop it first.
Γ¥î Polling error: ETELEGRAM: 409 Conflict: terminated by other getUpdates 
request; make sure that only one bot instance is running ETELEGRAM
ΓÜá∩╕Å  FATAL: Another bot instance is running somewhere. Stop it first.
Γ¥î Polling error: ETELEGRAM: 409 Conflict: terminated by other getUpdates 
request; make sure that only one bot instance is running ETELEGRAM
ΓÜá∩╕Å  FATAL: Another bot instance is running somewhere. Stop it first.
Γ¥î Polling error: ETELEGRAM: 409 Conflict: terminated by other getUpdates 
request; make sure that only one bot instance is running ETELEGRAM
ΓÜá∩╕Å  FATAL: Another bot instance is running somewhere. Stop it first.
Γ¥î Polling error: ETELEGRAM: 409 Conflict: terminated by other getUpdates 
request; make sure that only one bot instance is running ETELEGRAM
ΓÜá∩╕Å  FATAL: Another bot instance is running somewhere. Stop it first.
Γ¥î Polling error: ETELEGRAM: 409 Conflict: terminated by other getUpdates 
request; make sure that only one bot instance is running ETELEGRAM
ΓÜá∩╕Å  FATAL: Another bot instance is running somewhere. Stop it first.
Γ¥î Polling error: ETELEGRAM: 409 Conflict: terminated by other getUpdates 
request; make sure that only one bot instance is running ETELEGRAM
ΓÜá∩╕Å  FATAL: Another bot instance is running somewhere. Stop it first.
Γ¥î Polling error: ETELEGRAM: 409 Conflict: terminated by other getUpdates 
request; make sure that only one bot instance is running ETELEGRAM
ΓÜá∩╕Å  FATAL: Another bot instance is running somewhere. Stop it first.
Γ¥î Polling error: ETELEGRAM: 409 Conflict: terminated by other getUpdates 
request; make sure that only one bot instance is running ETELEGRAM
ΓÜá∩╕Å  FATAL: Another bot instance is running somewhere. Stop it first.
Γ¥î Polling error: ETELEGRAM: 409 Conflict: terminated by other getUpdates 
request; make sure that only one bot instance is running ETELEGRAM
ΓÜá∩╕Å  FATAL: Another bot instance is running somewhere. Stop it first.
Γ¥î Polling error: ETELEGRAM: 409 Conflict: terminated by other getUpdates 
request; make sure that only one bot instance is running ETELEGRAM
ΓÜá∩╕Å  FATAL: Another bot instance is running somewhere. Stop it first.
Γ¥î Polling error: ETELEGRAM: 409 Conflict: terminated by other getUpdates 
request; make sure that only one bot instance is running ETELEGRAM
ΓÜá∩╕Å  FATAL: Another bot instance is running somewhere. Stop it first.
Γ¥î Polling error: ETELEGRAM: 409 Conflict: terminated by other getUpdates 
request; make sure that only one bot instance is running ETELEGRAM
ΓÜá∩╕Å  FATAL: Another bot instance is running somewhere. Stop it first.
Γ¥î Polling error: ETELEGRAM: 409 Conflict: terminated by other getUpdates 
request; make sure that only one bot instance is running ETELEGRAM
ΓÜá∩╕Å  FATAL: Another bot instance is running somewhere. Stop it first.
Γ¥î Polling error: ETELEGRAM: 409 Conflict: terminated by other getUpdates 
request; make sure that only one bot instance is running ETELEGRAM
ΓÜá∩╕Å  FATAL: Another bot instance is running somewhere. Stop it first.
Γ¥î Polling error: ETELEGRAM: 409 Conflict: terminated by other getUpdates 
request; make sure that only one bot instance is running ETELEGRAM
ΓÜá∩╕Å  FATAL: Another bot instance is running somewhere. Stop it first.
Γ¥î Polling error: ETELEGRAM: 409 Conflict: terminated by other getUpdates 
request; make sure that only one bot instance is running ETELEGRAM
ΓÜá∩╕Å  FATAL: Another bot instance is running somewhere. Stop it first.
Γ¥î Polling error: ETELEGRAM: 409 Conflict: terminated by other getUpdates 
request; make sure that only one bot instance is running ETELEGRAM
ΓÜá∩╕Å  FATAL: Another bot instance is running somewhere. Stop it first.
Γ¥î Polling error: ETELEGRAM: 409 Conflict: terminated by other getUpdates 
request; make sure that only one bot instance is running ETELEGRAM
ΓÜá∩╕Å  FATAL: Another bot instance is running somewhere. Stop it first.
Γ¥î Polling error: ETELEGRAM: 409 Conflict: terminated by other getUpdates 
request; make sure that only one bot instance is running ETELEGRAM
ΓÜá∩╕Å  FATAL: Another bot instance is running somewhere. Stop it first.
Γ¥î Polling error: ETELEGRAM: 409 Conflict: terminated by other getUpdates 
request; make sure that only one bot instance is running ETELEGRAM
ΓÜá∩╕Å  FATAL: Another bot instance is running somewhere. Stop it first.
Γ¥î Polling error: ETELEGRAM: 409 Conflict: terminated by other getUpdates 
request; make sure that only one bot instance is running ETELEGRAM
ΓÜá∩╕Å  FATAL: Another bot instance is running somewhere. Stop it first.
Γ¥î Polling error: ETELEGRAM: 409 Conflict: terminated by other getUpdates 
request; make sure that only one bot instance is running ETELEGRAM
ΓÜá∩╕Å  FATAL: Another bot instance is running somewhere. Stop it first.
Γ¥î Polling error: ETELEGRAM: 409 Conflict: terminated by other getUpdates 
request; make sure that only one bot instance is running ETELEGRAM
ΓÜá∩╕Å  FATAL: Another bot instance is running somewhere. Stop it first.
Γ¥î Polling error: ETELEGRAM: 409 Conflict: terminated by other getUpdates 
request; make sure that only one bot instance is running ETELEGRAM
ΓÜá∩╕Å  FATAL: Another bot instance is running somewhere. Stop it first.
Γ¥î Polling error: ETELEGRAM: 409 Conflict: terminated by other getUpdates 
request; make sure that only one bot instance is running ETELEGRAM
ΓÜá∩╕Å  FATAL: Another bot instance is running somewhere. Stop it first.
Γ¥î Polling error: ETELEGRAM: 409 Conflict: terminated by other getUpdates 
request; make sure that only one bot instance is running ETELEGRAM
ΓÜá∩╕Å  FATAL: Another bot instance is running somewhere. Stop it first.
Γ¥î Polling error: ETELEGRAM: 409 Conflict: terminated by other getUpdates 
request; make sure that only one bot instance is running ETELEGRAM
ΓÜá∩╕Å  FATAL: Another bot instance is running somewhere. Stop it first.
Γ¥î Polling error: ETELEGRAM: 409 Conflict: terminated by other getUpdates 
request; make sure that only one bot instance is running ETELEGRAM
ΓÜá∩╕Å  FATAL: Another bot instance is running somewhere. Stop it first.
Γ¥î Polling error: ETELEGRAM: 409 Conflict: terminated by other getUpdates 
request; make sure that only one bot instance is running ETELEGRAM
ΓÜá∩╕Å  FATAL: Another bot instance is running somewhere. Stop it first.
Γ¥î Polling error: ETELEGRAM: 409 Conflict: terminated by other getUpdates 
request; make sure that only one bot instance is running ETELEGRAM
ΓÜá∩╕Å  FATAL: Another bot instance is running somewhere. Stop it first.
Γ¥î Polling error: ETELEGRAM: 409 Conflict: terminated by other getUpdates 
request; make sure that only one bot instance is running ETELEGRAM
ΓÜá∩╕Å  FATAL: Another bot instance is running somewhere. Stop it first.
Γ¥î Polling error: ETELEGRAM: 409 Conflict: terminated by other getUpdates 
request; make sure that only one bot instance is running ETELEGRAM
ΓÜá∩╕Å  FATAL: Another bot instance is running somewhere. Stop it first.
Γ¥î Polling error: ETELEGRAM: 409 Conflict: terminated by other getUpdates 
request; make sure that only one bot instance is running ETELEGRAM
ΓÜá∩╕Å  FATAL: Another bot instance is running somewhere. Stop it first.
Γ¥î Polling error: ETELEGRAM: 409 Conflict: terminated by other getUpdates 
request; make sure that only one bot instance is running ETELEGRAM
ΓÜá∩╕Å  FATAL: Another bot instance is running somewhere. Stop it first.
Γ¥î Polling error: ETELEGRAM: 409 Conflict: terminated by other getUpdates 
request; make sure that only one bot instance is running ETELEGRAM
ΓÜá∩╕Å  FATAL: Another bot instance is running somewhere. Stop it first.
Γ¥î Polling error: ETELEGRAM: 409 Conflict: terminated by other getUpdates 
request; make sure that only one bot instance is running ETELEGRAM
ΓÜá∩╕Å  FATAL: Another bot instance is running somewhere. Stop it first.
Γ¥î Polling error: ETELEGRAM: 409 Conflict: terminated by other getUpdates 
request; make sure that only one bot instance is running ETELEGRAM
ΓÜá∩╕Å  FATAL: Another bot instance is running somewhere. Stop it first.
Γ¥î Polling error: ETELEGRAM: 409 Conflict: terminated by other getUpdates 
request; make sure that only one bot instance is running ETELEGRAM
ΓÜá∩╕Å  FATAL: Another bot instance is running somewhere. Stop it first.
Γ¥î Polling error: ETELEGRAM: 409 Conflict: terminated by other getUpdates 
request; make sure that only one bot instance is running ETELEGRAM
ΓÜá∩╕Å  FATAL: Another bot instance is running somewhere. Stop it first.
Γ¥î Polling error: ETELEGRAM: 409 Conflict: terminated by other getUpdates 
request; make sure that only one bot instance is running ETELEGRAM
ΓÜá∩╕Å  FATAL: Another bot instance is running somewhere. Stop it first.
Γ¥î Polling error: ETELEGRAM: 409 Conflict: terminated by other getUpdates 
request; make sure that only one bot instance is running ETELEGRAM
ΓÜá∩╕Å  FATAL: Another bot instance is running somewhere. Stop it first.
Γ¥î Polling error: ETELEGRAM: 409 Conflict: terminated by other getUpdates 
request; make sure that only one bot instance is running ETELEGRAM
ΓÜá∩╕Å  FATAL: Another bot instance is running somewhere. Stop it first.
Γ¥î Polling error: ETELEGRAM: 409 Conflict: terminated by other getUpdates 
request; make sure that only one bot instance is running ETELEGRAM
ΓÜá∩╕Å  FATAL: Another bot instance is running somewhere. Stop it first.
Γ¥î Polling error: ETELEGRAM: 409 Conflict: terminated by other getUpdates 
request; make sure that only one bot instance is running ETELEGRAM
ΓÜá∩╕Å  FATAL: Another bot instance is running somewhere. Stop it first.
Γ¥î Polling error: ETELEGRAM: 409 Conflict: terminated by other getUpdates 
request; make sure that only one bot instance is running ETELEGRAM
ΓÜá∩╕Å  FATAL: Another bot instance is running somewhere. Stop it first.
Γ¥î Polling error: ETELEGRAM: 409 Conflict: terminated by other getUpdates 
request; make sure that only one bot instance is running ETELEGRAM
ΓÜá∩╕Å  FATAL: Another bot instance is running somewhere. Stop it first.
Γ¥î Polling error: ETELEGRAM: 409 Conflict: terminated by other getUpdates 
request; make sure that only one bot instance is running ETELEGRAM
ΓÜá∩╕Å  FATAL: Another bot instance is running somewhere. Stop it first.
Γ¥î Polling error: ETELEGRAM: 409 Conflict: terminated by other getUpdates 
request; make sure that only one bot instance is running ETELEGRAM
ΓÜá∩╕Å  FATAL: Another bot instance is running somewhere. Stop it first.
Γ¥î Polling error: ETELEGRAM: 409 Conflict: terminated by other getUpdates 
request; make sure that only one bot instance is running ETELEGRAM
ΓÜá∩╕Å  FATAL: Another bot instance is running somewhere. Stop it first.
Γ¥î Polling error: ETELEGRAM: 409 Conflict: terminated by other getUpdates 
request; make sure that only one bot instance is running ETELEGRAM
ΓÜá∩╕Å  FATAL: Another bot instance is running somewhere. Stop it first.
Γ¥î Polling error: ETELEGRAM: 409 Conflict: terminated by other getUpdates 
request; make sure that only one bot instance is running ETELEGRAM
ΓÜá∩╕Å  FATAL: Another bot instance is running somewhere. Stop it first.
Γ¥î Polling error: ETELEGRAM: 409 Conflict: terminated by other getUpdates 
request; make sure that only one bot instance is running ETELEGRAM
ΓÜá∩╕Å  FATAL: Another bot instance is running somewhere. Stop it first.
Γ¥î Polling error: ETELEGRAM: 409 Conflict: terminated by other getUpdates 
request; make sure that only one bot instance is running ETELEGRAM
ΓÜá∩╕Å  FATAL: Another bot instance is running somewhere. Stop it first.
Γ¥î Polling error: ETELEGRAM: 409 Conflict: terminated by other getUpdates 
request; make sure that only one bot instance is running ETELEGRAM
ΓÜá∩╕Å  FATAL: Another bot instance is running somewhere. Stop it first.
Γ¥î Polling error: ETELEGRAM: 409 Conflict: terminated by other getUpdates 
request; make sure that only one bot instance is running ETELEGRAM
ΓÜá∩╕Å  FATAL: Another bot instance is running somewhere. Stop it first.
Γ¥î Polling error: ETELEGRAM: 409 Conflict: terminated by other getUpdates 
request; make sure that only one bot instance is running ETELEGRAM
ΓÜá∩╕Å  FATAL: Another bot instance is running somewhere. Stop it first.
Γ¥î Polling error: ETELEGRAM: 409 Conflict: terminated by other getUpdates 
request; make sure that only one bot instance is running ETELEGRAM
ΓÜá∩╕Å  FATAL: Another bot instance is running somewhere. Stop it first.
Γ¥î Polling error: ETELEGRAM: 409 Conflict: terminated by other getUpdates 
request; make sure that only one bot instance is running ETELEGRAM
ΓÜá∩╕Å  FATAL: Another bot instance is running somewhere. Stop it first.
Γ¥î Polling error: ETELEGRAM: 409 Conflict: terminated by other getUpdates 
request; make sure that only one bot instance is running ETELEGRAM
ΓÜá∩╕Å  FATAL: Another bot instance is running somewhere. Stop it first.
Γ¥î Polling error: ETELEGRAM: 409 Conflict: terminated by other getUpdates 
request; make sure that only one bot instance is running ETELEGRAM
ΓÜá∩╕Å  FATAL: Another bot instance is running somewhere. Stop it first.
Γ¥î Polling error: ETELEGRAM: 409 Conflict: terminated by other getUpdates 
request; make sure that only one bot instance is running ETELEGRAM
ΓÜá∩╕Å  FATAL: Another bot instance is running somewhere. Stop it first.
Γ¥î Polling error: ETELEGRAM: 409 Conflict: terminated by other getUpdates 
request; make sure that only one bot instance is running ETELEGRAM
ΓÜá∩╕Å  FATAL: Another bot instance is running somewhere. Stop it first.
Γ¥î Polling error: ETELEGRAM: 409 Conflict: terminated by other getUpdates 
request; make sure that only one bot instance is running ETELEGRAM
ΓÜá∩╕Å  FATAL: Another bot instance is running somewhere. Stop it first.
Γ¥î Polling error: ETELEGRAM: 409 Conflict: terminated by other getUpdates 
request; make sure that only one bot instance is running ETELEGRAM
ΓÜá∩╕Å  FATAL: Another bot instance is running somewhere. Stop it first.
Γ¥î Polling error: ETELEGRAM: 409 Conflict: terminated by other getUpdates 
request; make sure that only one bot instance is running ETELEGRAM
ΓÜá∩╕Å  FATAL: Another bot instance is running somewhere. Stop it first.
Γ¥î Polling error: ETELEGRAM: 409 Conflict: terminated by other getUpdates 
request; make sure that only one bot instance is running ETELEGRAM
ΓÜá∩╕Å  FATAL: Another bot instance is running somewhere. Stop it first.
Γ¥î Polling error: ETELEGRAM: 409 Conflict: terminated by other getUpdates 
request; make sure that only one bot instance is running ETELEGRAM
ΓÜá∩╕Å  FATAL: Another bot instance is running somewhere. Stop it first.
Γ¥î Polling error: ETELEGRAM: 409 Conflict: terminated by other getUpdates 
request; make sure that only one bot instance is running ETELEGRAM
ΓÜá∩╕Å  FATAL: Another bot instance is running somewhere. Stop it first.
Γ¥î Polling error: ETELEGRAM: 409 Conflict: terminated by other getUpdates 
request; make sure that only one bot instance is running ETELEGRAM
ΓÜá∩╕Å  FATAL: Another bot instance is running somewhere. Stop it first.
Γ¥î Polling error: ETELEGRAM: 409 Conflict: terminated by other getUpdates 
request; make sure that only one bot instance is running ETELEGRAM
ΓÜá∩╕Å  FATAL: Another bot instance is running somewhere. Stop it first.
Γ¥î Polling error: ETELEGRAM: 409 Conflict: terminated by other getUpdates 
request; make sure that only one bot instance is running ETELEGRAM
ΓÜá∩╕Å  FATAL: Another bot instance is running somewhere. Stop it first.
Γ¥î Polling error: ETELEGRAM: 409 Conflict: terminated by other getUpdates 
request; make sure that only one bot instance is running ETELEGRAM
ΓÜá∩╕Å  FATAL: Another bot instance is running somewhere. Stop it first.
Γ¥î Polling error: ETELEGRAM: 409 Conflict: terminated by other getUpdates 
request; make sure that only one bot instance is running ETELEGRAM
ΓÜá∩╕Å  FATAL: Another bot instance is running somewhere. Stop it first.
Γ¥î Polling error: ETELEGRAM: 409 Conflict: terminated by other getUpdates 
request; make sure that only one bot instance is running ETELEGRAM
ΓÜá∩╕Å  FATAL: Another bot instance is running somewhere. Stop it first.
Γ¥î Polling error: ETELEGRAM: 409 Conflict: terminated by other getUpdates 
request; make sure that only one bot instance is running ETELEGRAM
ΓÜá∩╕Å  FATAL: Another bot instance is running somewhere. Stop it first.
Γ¥î Polling error: ETELEGRAM: 409 Conflict: terminated by other getUpdates 
request; make sure that only one bot instance is running ETELEGRAM
ΓÜá∩╕Å  FATAL: Another bot instance is running somewhere. Stop it first.
Γ¥î Polling error: ETELEGRAM: 409 Conflict: terminated by other getUpdates 
request; make sure that only one bot instance is running ETELEGRAM
ΓÜá∩╕Å  FATAL: Another bot instance is running somewhere. Stop it first.
Γ¥î Polling error: ETELEGRAM: 409 Conflict: terminated by other getUpdates 
request; make sure that only one bot instance is running ETELEGRAM
ΓÜá∩╕Å  FATAL: Another bot instance is running somewhere. Stop it first.
Γ¥î Polling error: ETELEGRAM: 409 Conflict: terminated by other getUpdates 
request; make sure that only one bot instance is running ETELEGRAM
ΓÜá∩╕Å  FATAL: Another bot instance is running somewhere. Stop it first.
Γ¥î Polling error: ETELEGRAM: 409 Conflict: terminated by other getUpdates 
request; make sure that only one bot instance is running ETELEGRAM
ΓÜá∩╕Å  FATAL: Another bot instance is running somewhere. Stop it first.
Γ¥î Polling error: ETELEGRAM: 409 Conflict: terminated by other getUpdates 
request; make sure that only one bot instance is running ETELEGRAM
ΓÜá∩╕Å  FATAL: Another bot instance is running somewhere. Stop it first.
Γ¥î Polling error: ETELEGRAM: 409 Conflict: terminated by other getUpdates 
request; make sure that only one bot instance is running ETELEGRAM
ΓÜá∩╕Å  FATAL: Another bot instance is running somewhere. Stop it first.
Γ¥î Polling error: ETELEGRAM: 409 Conflict: terminated by other getUpdates 
request; make sure that only one bot instance is running ETELEGRAM
ΓÜá∩╕Å  FATAL: Another bot instance is running somewhere. Stop it first.
Γ¥î Polling error: ETELEGRAM: 409 Conflict: terminated by other getUpdates 
request; make sure that only one bot instance is running ETELEGRAM
ΓÜá∩╕Å  FATAL: Another bot instance is running somewhere. Stop it first.
Γ¥î Polling error: ETELEGRAM: 409 Conflict: terminated by setWebhook request 
ETELEGRAM
ΓÜá∩╕Å  FATAL: Another bot instance is running somewhere. Stop it first.
Γ¥î Polling error: ETELEGRAM: 409 Conflict: terminated by other getUpdates 
request; make sure that only one bot instance is running ETELEGRAM
ΓÜá∩╕Å  FATAL: Another bot instance is running somewhere. Stop it first.
Γ¥î Polling error: ETELEGRAM: 409 Conflict: terminated by other getUpdates 
request; make sure that only one bot instance is running ETELEGRAM
ΓÜá∩╕Å  FATAL: Another bot instance is running somewhere. Stop it first.
Γ¥î Polling error: ETELEGRAM: 409 Conflict: terminated by other getUpdates 
request; make sure that only one bot instance is running ETELEGRAM
ΓÜá∩╕Å  FATAL: Another bot instance is running somewhere. Stop it first.
Γ¥î Polling error: ETELEGRAM: 409 Conflict: terminated by other getUpdates 
request; make sure that only one bot instance is running ETELEGRAM
ΓÜá∩╕Å  FATAL: Another bot instance is running somewhere. Stop it first.
Γ¥î Polling error: ETELEGRAM: 409 Conflict: terminated by other getUpdates 
request; make sure that only one bot instance is running ETELEGRAM
ΓÜá∩╕Å  FATAL: Another bot instance is running somewhere. Stop it first.
Γ¥î Polling error: ETELEGRAM: 409 Conflict: terminated by other getUpdates 
request; make sure that only one bot instance is running ETELEGRAM
ΓÜá∩╕Å  FATAL: Another bot instance is running somewhere. Stop it first.
Γ¥î Polling error: ETELEGRAM: 409 Conflict: terminated by other getUpdates 
request; make sure that only one bot instance is running ETELEGRAM
ΓÜá∩╕Å  FATAL: Another bot instance is running somewhere. Stop it first.
Γ¥î Polling error: ETELEGRAM: 409 Conflict: terminated by other getUpdates 
request; make sure that only one bot instance is running ETELEGRAM
ΓÜá∩╕Å  FATAL: Another bot instance is running somewhere. Stop it first.
Γ¥î Polling error: ETELEGRAM: 409 Conflict: terminated by other getUpdates 
request; make sure that only one bot instance is running ETELEGRAM
ΓÜá∩╕Å  FATAL: Another bot instance is running somewhere. Stop it first.
Γ¥î Polling error: ETELEGRAM: 409 Conflict: terminated by other getUpdates 
request; make sure that only one bot instance is running ETELEGRAM
ΓÜá∩╕Å  FATAL: Another bot instance is running somewhere. Stop it first.
Γ¥î Polling error: ETELEGRAM: 409 Conflict: terminated by other getUpdates 
request; make sure that only one bot instance is running ETELEGRAM
ΓÜá∩╕Å  FATAL: Another bot instance is running somewhere. Stop it first.
Γ¥î Polling error: ETELEGRAM: 409 Conflict: terminated by other getUpdates 
request; make sure that only one bot instance is running ETELEGRAM
ΓÜá∩╕Å  FATAL: Another bot instance is running somewhere. Stop it first.
Γ¥î Polling error: ETELEGRAM: 409 Conflict: terminated by other getUpdates 
request; make sure that only one bot instance is running ETELEGRAM
ΓÜá∩╕Å  FATAL: Another bot instance is running somewhere. Stop it first.
Γ¥î Polling error: ETELEGRAM: 409 Conflict: terminated by other getUpdates 
request; make sure that only one bot instance is running ETELEGRAM
ΓÜá∩╕Å  FATAL: Another bot instance is running somewhere. Stop it first.
Γ¥î Polling error: ETELEGRAM: 409 Conflict: can't use getUpdates method while 
webhook is active; use deleteWebhook to delete the webhook first ETELEGRAM
ΓÜá∩╕Å  FATAL: Another bot instance is running somewhere. Stop it first.
Γ¥î Polling error: ETELEGRAM: 409 Conflict: terminated by other getUpdates 
request; make sure that only one bot instance is running ETELEGRAM
ΓÜá∩╕Å  FATAL: Another bot instance is running somewhere. Stop it first.
Γ¥î Polling error: ETELEGRAM: 409 Conflict: terminated by other getUpdates 
request; make sure that only one bot instance is running ETELEGRAM
ΓÜá∩╕Å  FATAL: Another bot instance is running somewhere. Stop it first.
Γ¥î Polling error: ETELEGRAM: 409 Conflict: terminated by other getUpdates 
request; make sure that only one bot instance is running ETELEGRAM
ΓÜá∩╕Å  FATAL: Another bot instance is running somewhere. Stop it first.
Γ¥î Polling error: ETELEGRAM: 409 Conflict: terminated by other getUpdates 
request; make sure that only one bot instance is running ETELEGRAM
ΓÜá∩╕Å  FATAL: Another bot instance is running somewhere. Stop it first.
Γ¥î Polling error: ETELEGRAM: 409 Conflict: terminated by other getUpdates 
request; make sure that only one bot instance is running ETELEGRAM
ΓÜá∩╕Å  FATAL: Another bot instance is running somewhere. Stop it first.
Γ¥î Polling error: ETELEGRAM: 409 Conflict: terminated by other getUpdates 
request; make sure that only one bot instance is running ETELEGRAM
ΓÜá∩╕Å  FATAL: Another bot instance is running somewhere. Stop it first.
Γ¥î Polling error: ETELEGRAM: 409 Conflict: terminated by other getUpdates 
request; make sure that only one bot instance is running ETELEGRAM
ΓÜá∩╕Å  FATAL: Another bot instance is running somewhere. Stop it first.
Γ¥î Polling error: ETELEGRAM: 409 Conflict: terminated by other getUpdates 
request; make sure that only one bot instance is running ETELEGRAM
ΓÜá∩╕Å  FATAL: Another bot instance is running somewhere. Stop it first.
Γ¥î Polling error: ETELEGRAM: 409 Conflict: terminated by other getUpdates 
request; make sure that only one bot instance is running ETELEGRAM
ΓÜá∩╕Å  FATAL: Another bot instance is running somewhere. Stop it first.
Γ¥î Polling error: ETELEGRAM: 409 Conflict: terminated by other getUpdates 
request; make sure that only one bot instance is running ETELEGRAM
ΓÜá∩╕Å  FATAL: Another bot instance is running somewhere. Stop it first.
Γ¥î Polling error: ETELEGRAM: 409 Conflict: terminated by other getUpdates 
request; make sure that only one bot instance is running ETELEGRAM
ΓÜá∩╕Å  FATAL: Another bot instance is running somewhere. Stop it first.
Γ¥î Polling error: ETELEGRAM: 409 Conflict: terminated by other getUpdates 
request; make sure that only one bot instance is running ETELEGRAM
ΓÜá∩╕Å  FATAL: Another bot instance is running somewhere. Stop it first.
Γ¥î Polling error: ETELEGRAM: 409 Conflict: terminated by other getUpdates 
request; make sure that only one bot instance is running ETELEGRAM
ΓÜá∩╕Å  FATAL: Another bot instance is running somewhere. Stop it first.
Γ¥î Polling error: ETELEGRAM: 409 Conflict: terminated by other getUpdates 
request; make sure that only one bot instance is running ETELEGRAM
ΓÜá∩╕Å  FATAL: Another bot instance is running somewhere. Stop it first.
Γ¥î Polling error: ETELEGRAM: 409 Conflict: terminated by other getUpdates 
request; make sure that only one bot instance is running ETELEGRAM
ΓÜá∩╕Å  FATAL: Another bot instance is running somewhere. Stop it first.
Γ¥î Polling error: ETELEGRAM: 409 Conflict: terminated by other getUpdates 
request; make sure that only one bot instance is running ETELEGRAM
ΓÜá∩╕Å  FATAL: Another bot instance is running somewhere. Stop it first.
Γ¥î Polling error: ETELEGRAM: 409 Conflict: terminated by other getUpdates 
request; make sure that only one bot instance is running ETELEGRAM
ΓÜá∩╕Å  FATAL: Another bot instance is running somewhere. Stop it first.
Γ¥î Polling error: ETELEGRAM: 409 Conflict: terminated by other getUpdates 
request; make sure that only one bot instance is running ETELEGRAM
ΓÜá∩╕Å  FATAL: Another bot instance is running somewhere. Stop it first.
Γ¥î Polling error: ETELEGRAM: 409 Conflict: terminated by other getUpdates 
request; make sure that only one bot instance is running ETELEGRAM
ΓÜá∩╕Å  FATAL: Another bot instance is running somewhere. Stop it first.
Γ¥î Polling error: ETELEGRAM: 409 Conflict: terminated by other getUpdates 
request; make sure that only one bot instance is running ETELEGRAM
ΓÜá∩╕Å  FATAL: Another bot instance is running somewhere. Stop it first.
Γ¥î Polling error: ETELEGRAM: 409 Conflict: terminated by other getUpdates 
request; make sure that only one bot instance is running ETELEGRAM
ΓÜá∩╕Å  FATAL: Another bot instance is running somewhere. Stop it first.
Γ¥î Polling error: ETELEGRAM: 409 Conflict: terminated by other getUpdates 
request; make sure that only one bot instance is running ETELEGRAM
ΓÜá∩╕Å  FATAL: Another bot instance is running somewhere. Stop it first.
Γ¥î Polling error: ETELEGRAM: 409 Conflict: terminated by other getUpdates 
request; make sure that only one bot instance is running ETELEGRAM
ΓÜá∩╕Å  FATAL: Another bot instance is running somewhere. Stop it first.
Γ¥î Polling error: ETELEGRAM: 409 Conflict: terminated by other getUpdates 
request; make sure that only one bot instance is running ETELEGRAM
ΓÜá∩╕Å  FATAL: Another bot instance is running somewhere. Stop it first.
Γ¥î Polling error: ETELEGRAM: 409 Conflict: terminated by other getUpdates 
request; make sure that only one bot instance is running ETELEGRAM
ΓÜá∩╕Å  FATAL: Another bot instance is running somewhere. Stop it first.
Γ¥î Polling error: ETELEGRAM: 409 Conflict: terminated by other getUpdates 
request; make sure that only one bot instance is running ETELEGRAM
ΓÜá∩╕Å  FATAL: Another bot instance is running somewhere. Stop it first.
Γ¥î Polling error: ETELEGRAM: 409 Conflict: terminated by other getUpdates 
request; make sure that only one bot instance is running ETELEGRAM
ΓÜá∩╕Å  FATAL: Another bot instance is running somewhere. Stop it first.
Γ¥î Polling error: ETELEGRAM: 409 Conflict: terminated by other getUpdates 
request; make sure that only one bot instance is running ETELEGRAM
ΓÜá∩╕Å  FATAL: Another bot instance is running somewhere. Stop it first.
Γ¥î Polling error: ETELEGRAM: 409 Conflict: terminated by other getUpdates 
request; make sure that only one bot instance is running ETELEGRAM
ΓÜá∩╕Å  FATAL: Another bot instance is running somewhere. Stop it first.
Γ¥î Polling error: ETELEGRAM: 409 Conflict: terminated by other getUpdates 
request; make sure that only one bot instance is running ETELEGRAM
ΓÜá∩╕Å  FATAL: Another bot instance is running somewhere. Stop it first.
Γ¥î Polling error: ETELEGRAM: 409 Conflict: terminated by other getUpdates 
request; make sure that only one bot instance is running ETELEGRAM
ΓÜá∩╕Å  FATAL: Another bot instance is running somewhere. Stop it first.
Γ¥î Polling error: ETELEGRAM: 409 Conflict: terminated by other getUpdates 
request; make sure that only one bot instance is running ETELEGRAM
ΓÜá∩╕Å  FATAL: Another bot instance is running somewhere. Stop it first.
Γ¥î Polling error: ETELEGRAM: 409 Conflict: terminated by other getUpdates 
request; make sure that only one bot instance is running ETELEGRAM
ΓÜá∩╕Å  FATAL: Another bot instance is running somewhere. Stop it first.
Γ¥î Polling error: ETELEGRAM: 409 Conflict: terminated by other getUpdates 
request; make sure that only one bot instance is running ETELEGRAM
ΓÜá∩╕Å  FATAL: Another bot instance is running somewhere. Stop it first.
Γ¥î Polling error: ETELEGRAM: 409 Conflict: terminated by other getUpdates 
request; make sure that only one bot instance is running ETELEGRAM
ΓÜá∩╕Å  FATAL: Another bot instance is running somewhere. Stop it first.
Γ¥î Polling error: ETELEGRAM: 409 Conflict: terminated by other getUpdates 
request; make sure that only one bot instance is running ETELEGRAM
ΓÜá∩╕Å  FATAL: Another bot instance is running somewhere. Stop it first.
Γ¥î Polling error: ETELEGRAM: 409 Conflict: terminated by other getUpdates 
request; make sure that only one bot instance is running ETELEGRAM
ΓÜá∩╕Å  FATAL: Another bot instance is running somewhere. Stop it first.
Γ¥î Polling error: ETELEGRAM: 409 Conflict: terminated by other getUpdates 
request; make sure that only one bot instance is running ETELEGRAM
ΓÜá∩╕Å  FATAL: Another bot instance is running somewhere. Stop it first.
Γ¥î Polling error: ETELEGRAM: 409 Conflict: terminated by other getUpdates 
request; make sure that only one bot instance is running ETELEGRAM
ΓÜá∩╕Å  FATAL: Another bot instance is running somewhere. Stop it first.
Γ¥î Polling error: ETELEGRAM: 409 Conflict: terminated by other getUpdates 
request; make sure that only one bot instance is running ETELEGRAM
ΓÜá∩╕Å  FATAL: Another bot instance is running somewhere. Stop it first.
Γ¥î Polling error: ETELEGRAM: 409 Conflict: terminated by other getUpdates 
request; make sure that only one bot instance is running ETELEGRAM
ΓÜá∩╕Å  FATAL: Another bot instance is running somewhere. Stop it first.
Γ¥î Polling error: ETELEGRAM: 409 Conflict: terminated by other getUpdates 
request; make sure that only one bot instance is running ETELEGRAM
ΓÜá∩╕Å  FATAL: Another bot instance is running somewhere. Stop it first.
Γ¥î Polling error: ETELEGRAM: 409 Conflict: terminated by other getUpdates 
request; make sure that only one bot instance is running ETELEGRAM
ΓÜá∩╕Å  FATAL: Another bot instance is running somewhere. Stop it first.
Γ¥î Polling error: ETELEGRAM: 409 Conflict: terminated by other getUpdates 
request; make sure that only one bot instance is running ETELEGRAM
ΓÜá∩╕Å  FATAL: Another bot instance is running somewhere. Stop it first.
Γ¥î Polling error: ETELEGRAM: 409 Conflict: terminated by other getUpdates 
request; make sure that only one bot instance is running ETELEGRAM
ΓÜá∩╕Å  FATAL: Another bot instance is running somewhere. Stop it first.
Γ¥î Polling error: ETELEGRAM: 409 Conflict: terminated by other getUpdates 
request; make sure that only one bot instance is running ETELEGRAM
ΓÜá∩╕Å  FATAL: Another bot instance is running somewhere. Stop it first.
Γ¥î Polling error: ETELEGRAM: 409 Conflict: terminated by other getUpdates 
request; make sure that only one bot instance is running ETELEGRAM
ΓÜá∩╕Å  FATAL: Another bot instance is running somewhere. Stop it first.
Γ¥î Polling error: ETELEGRAM: 409 Conflict: terminated by other getUpdates 
request; make sure that only one bot instance is running ETELEGRAM
ΓÜá∩╕Å  FATAL: Another bot instance is running somewhere. Stop it first.
Γ¥î Polling error: ETELEGRAM: 409 Conflict: terminated by other getUpdates 
request; make sure that only one bot instance is running ETELEGRAM
ΓÜá∩╕Å  FATAL: Another bot instance is running somewhere. Stop it first.
Γ¥î Polling error: ETELEGRAM: 409 Conflict: terminated by other getUpdates 
request; make sure that only one bot instance is running ETELEGRAM
ΓÜá∩╕Å  FATAL: Another bot instance is running somewhere. Stop it first.
Γ¥î Polling error: ETELEGRAM: 409 Conflict: terminated by other getUpdates 
request; make sure that only one bot instance is running ETELEGRAM
ΓÜá∩╕Å  FATAL: Another bot instance is running somewhere. Stop it first.
Γ¥î Polling error: ETELEGRAM: 409 Conflict: terminated by other getUpdates 
request; make sure that only one bot instance is running ETELEGRAM
ΓÜá∩╕Å  FATAL: Another bot instance is running somewhere. Stop it first.
Γ¥î Polling error: ETELEGRAM: 409 Conflict: terminated by other getUpdates 
request; make sure that only one bot instance is running ETELEGRAM
ΓÜá∩╕Å  FATAL: Another bot instance is running somewhere. Stop it first.
Γ¥î Polling error: ETELEGRAM: 409 Conflict: terminated by other getUpdates 
request; make sure that only one bot instance is running ETELEGRAM
ΓÜá∩╕Å  FATAL: Another bot instance is running somewhere. Stop it first.
Γ¥î Polling error: ETELEGRAM: 409 Conflict: terminated by other getUpdates 
request; make sure that only one bot instance is running ETELEGRAM
ΓÜá∩╕Å  FATAL: Another bot instance is running somewhere. Stop it first.
Γ¥î Polling error: ETELEGRAM: 409 Conflict: terminated by other getUpdates 
request; make sure that only one bot instance is running ETELEGRAM
ΓÜá∩╕Å  FATAL: Another bot instance is running somewhere. Stop it first.
Γ¥î Polling error: ETELEGRAM: 409 Conflict: terminated by other getUpdates 
request; make sure that only one bot instance is running ETELEGRAM
ΓÜá∩╕Å  FATAL: Another bot instance is running somewhere. Stop it first.
Γ¥î Polling error: ETELEGRAM: 409 Conflict: terminated by other getUpdates 
request; make sure that only one bot instance is running ETELEGRAM
ΓÜá∩╕Å  FATAL: Another bot instance is running somewhere. Stop it first.
Γ¥î Polling error: ETELEGRAM: 409 Conflict: terminated by other getUpdates 
request; make sure that only one bot instance is running ETELEGRAM
ΓÜá∩╕Å  FATAL: Another bot instance is running somewhere. Stop it first.
Γ¥î Polling error: ETELEGRAM: 409 Conflict: terminated by other getUpdates 
request; make sure that only one bot instance is running ETELEGRAM
ΓÜá∩╕Å  FATAL: Another bot instance is running somewhere. Stop it first.
Γ¥î Polling error: ETELEGRAM: 409 Conflict: terminated by other getUpdates 
request; make sure that only one bot instance is running ETELEGRAM
ΓÜá∩╕Å  FATAL: Another bot instance is running somewhere. Stop it first.
Γ¥î Polling error: ETELEGRAM: 409 Conflict: terminated by other getUpdates 
request; make sure that only one bot instance is running ETELEGRAM
ΓÜá∩╕Å  FATAL: Another bot instance is running somewhere. Stop it first.
Γ¥î Polling error: ETELEGRAM: 409 Conflict: terminated by other getUpdates 
request; make sure that only one bot instance is running ETELEGRAM
ΓÜá∩╕Å  FATAL: Another bot instance is running somewhere. Stop it first.
Γ¥î Polling error: ETELEGRAM: 409 Conflict: terminated by other getUpdates 
request; make sure that only one bot instance is running ETELEGRAM
ΓÜá∩╕Å  FATAL: Another bot instance is running somewhere. Stop it first.
Γ¥î Polling error: ETELEGRAM: 409 Conflict: terminated by other getUpdates 
request; make sure that only one bot instance is running ETELEGRAM
ΓÜá∩╕Å  FATAL: Another bot instance is running somewhere. Stop it first.
Γ¥î Polling error: ETELEGRAM: 409 Conflict: terminated by other getUpdates 
request; make sure that only one bot instance is running ETELEGRAM
ΓÜá∩╕Å  FATAL: Another bot instance is running somewhere. Stop it first.
Γ¥î Polling error: ETELEGRAM: 409 Conflict: terminated by other getUpdates 
request; make sure that only one bot instance is running ETELEGRAM
ΓÜá∩╕Å  FATAL: Another bot instance is running somewhere. Stop it first.
Γ¥î Polling error: ETELEGRAM: 409 Conflict: terminated by other getUpdates 
request; make sure that only one bot instance is running ETELEGRAM
ΓÜá∩╕Å  FATAL: Another bot instance is running somewhere. Stop it first.
Γ¥î Polling error: ETELEGRAM: 409 Conflict: terminated by other getUpdates 
request; make sure that only one bot instance is running ETELEGRAM
ΓÜá∩╕Å  FATAL: Another bot instance is running somewhere. Stop it first.
Γ¥î Polling error: ETELEGRAM: 409 Conflict: terminated by other getUpdates 
request; make sure that only one bot instance is running ETELEGRAM
ΓÜá∩╕Å  FATAL: Another bot instance is running somewhere. Stop it first.
Γ¥î Polling error: ETELEGRAM: 409 Conflict: terminated by other getUpdates 
request; make sure that only one bot instance is running ETELEGRAM
ΓÜá∩╕Å  FATAL: Another bot instance is running somewhere. Stop it first.
Γ¥î Polling error: ETELEGRAM: 409 Conflict: terminated by other getUpdates 
request; make sure that only one bot instance is running ETELEGRAM
ΓÜá∩╕Å  FATAL: Another bot instance is running somewhere. Stop it first.
Γ¥î Polling error: ETELEGRAM: 409 Conflict: terminated by other getUpdates 
request; make sure that only one bot instance is running ETELEGRAM
ΓÜá∩╕Å  FATAL: Another bot instance is running somewhere. Stop it first.
Γ¥î Polling error: ETELEGRAM: 409 Conflict: terminated by other getUpdates 
request; make sure that only one bot instance is running ETELEGRAM
ΓÜá∩╕Å  FATAL: Another bot instance is running somewhere. Stop it first.
≡ƒæï Stopping bot...
